Component: ARM Compiler 5.06 update 6 (build 750) Tool: armlink [4d35ed]

==============================================================================

Section Cross References

    startup_stm32f407xx.o(RESET) refers to startup_stm32f407xx.o(STACK) for __initial_sp
    startup_stm32f407xx.o(RESET) refers to startup_stm32f407xx.o(.text) for Reset_Handler
    startup_stm32f407xx.o(RESET) refers to stm32f4xx_it.o(i.NMI_Handler) for NMI_Handler
    startup_stm32f407xx.o(RESET) refers to stm32f4xx_it.o(i.HardFault_Handler) for HardFault_Handler
    startup_stm32f407xx.o(RESET) refers to stm32f4xx_it.o(i.MemManage_Handler) for MemManage_Handler
    startup_stm32f407xx.o(RESET) refers to stm32f4xx_it.o(i.BusFault_Handler) for BusFault_Handler
    startup_stm32f407xx.o(RESET) refers to stm32f4xx_it.o(i.UsageFault_Handler) for UsageFault_Handler
    startup_stm32f407xx.o(RESET) refers to stm32f4xx_it.o(i.SVC_Handler) for SVC_Handler
    startup_stm32f407xx.o(RESET) refers to stm32f4xx_it.o(i.DebugMon_Handler) for DebugMon_Handler
    startup_stm32f407xx.o(RESET) refers to stm32f4xx_it.o(i.PendSV_Handler) for PendSV_Handler
    startup_stm32f407xx.o(RESET) refers to stm32f4xx_it.o(i.SysTick_Handler) for SysTick_Handler
    startup_stm32f407xx.o(.text) refers to system_stm32f4xx.o(i.SystemInit) for SystemInit
    startup_stm32f407xx.o(.text) refers to entry.o(.ARM.Collect$$$$00000000) for __main
    main.o(i.SystemClock_Config) refers to memseta.o(.text) for __aeabi_memclr4
    main.o(i.SystemClock_Config) refers to stm32f4xx_hal_rcc.o(i.HAL_RCC_OscConfig) for HAL_RCC_OscConfig
    main.o(i.SystemClock_Config) refers to stm32f4xx_hal_rcc.o(i.HAL_RCC_ClockConfig) for HAL_RCC_ClockConfig
    main.o(i.main) refers to stm32f4xx_hal.o(i.HAL_Init) for HAL_Init
    main.o(i.main) refers to main.o(i.SystemClock_Config) for SystemClock_Config
    main.o(i.main) refers to gpio.o(i.MX_GPIO_Init) for MX_GPIO_Init
    main.o(i.main) refers to fsmc.o(i.MX_FSMC_Init) for MX_FSMC_Init
    main.o(i.main) refers to ili93xx.o(i.TFTLCD_Init) for TFTLCD_Init
    main.o(i.main) refers to ili93xx.o(i.LCD_Clear) for LCD_Clear
    main.o(i.main) refers to ili93xx.o(i.LCD_Display_Dir) for LCD_Display_Dir
    main.o(i.main) refers to ili93xx.o(i.LCD_DrawPoint) for LCD_DrawPoint
    main.o(i.main) refers to main.o(.constdata) for .constdata
    main.o(i.main) refers to ili93xx.o(.data) for POINT_COLOR
    gpio.o(i.MX_GPIO_Init) refers to memseta.o(.text) for __aeabi_memclr4
    gpio.o(i.MX_GPIO_Init) refers to stm32f4xx_hal_gpio.o(i.HAL_GPIO_WritePin) for HAL_GPIO_WritePin
    gpio.o(i.MX_GPIO_Init) refers to stm32f4xx_hal_gpio.o(i.HAL_GPIO_Init) for HAL_GPIO_Init
    fsmc.o(i.HAL_FSMC_MspInit) refers to memseta.o(.text) for __aeabi_memclr4
    fsmc.o(i.HAL_FSMC_MspInit) refers to stm32f4xx_hal_gpio.o(i.HAL_GPIO_Init) for HAL_GPIO_Init
    fsmc.o(i.HAL_FSMC_MspInit) refers to fsmc.o(.data) for .data
    fsmc.o(i.HAL_SRAM_MspDeInit) refers to stm32f4xx_hal_gpio.o(i.HAL_GPIO_DeInit) for HAL_GPIO_DeInit
    fsmc.o(i.HAL_SRAM_MspDeInit) refers to fsmc.o(.data) for .data
    fsmc.o(i.HAL_SRAM_MspInit) refers to fsmc.o(i.HAL_FSMC_MspInit) for HAL_FSMC_MspInit
    fsmc.o(i.MX_FSMC_Init) refers to memseta.o(.text) for __aeabi_memclr4
    fsmc.o(i.MX_FSMC_Init) refers to stm32f4xx_hal_sram.o(i.HAL_SRAM_Init) for HAL_SRAM_Init
    fsmc.o(i.MX_FSMC_Init) refers to main.o(i.Error_Handler) for Error_Handler
    fsmc.o(i.MX_FSMC_Init) refers to fsmc.o(.bss) for .bss
    stm32f4xx_it.o(i.SysTick_Handler) refers to stm32f4xx_hal.o(i.HAL_IncTick) for HAL_IncTick
    ili93xx.o(i.LCD_Clear) refers to ili93xx.o(i.LCD_SetCursor) for LCD_SetCursor
    ili93xx.o(i.LCD_Clear) refers to ili93xx.o(i.LCD_WriteRAM_Prepare) for LCD_WriteRAM_Prepare
    ili93xx.o(i.LCD_Clear) refers to ili93xx.o(.bss) for .bss
    ili93xx.o(i.LCD_Color_Fill) refers to ili93xx.o(i.LCD_SetCursor) for LCD_SetCursor
    ili93xx.o(i.LCD_Color_Fill) refers to ili93xx.o(i.LCD_WriteRAM_Prepare) for LCD_WriteRAM_Prepare
    ili93xx.o(i.LCD_DisplayOff) refers to ili93xx.o(i.LCD_WR_REG) for LCD_WR_REG
    ili93xx.o(i.LCD_DisplayOff) refers to ili93xx.o(.bss) for .bss
    ili93xx.o(i.LCD_DisplayOn) refers to ili93xx.o(i.LCD_WR_REG) for LCD_WR_REG
    ili93xx.o(i.LCD_DisplayOn) refers to ili93xx.o(.bss) for .bss
    ili93xx.o(i.LCD_Display_Dir) refers to ili93xx.o(i.LCD_Scan_Dir) for LCD_Scan_Dir
    ili93xx.o(i.LCD_Display_Dir) refers to ili93xx.o(.bss) for .bss
    ili93xx.o(i.LCD_DrawLine) refers to ili93xx.o(i.LCD_DrawPoint) for LCD_DrawPoint
    ili93xx.o(i.LCD_DrawPoint) refers to ili93xx.o(i.LCD_SetCursor) for LCD_SetCursor
    ili93xx.o(i.LCD_DrawPoint) refers to ili93xx.o(i.LCD_WriteRAM_Prepare) for LCD_WriteRAM_Prepare
    ili93xx.o(i.LCD_DrawPoint) refers to ili93xx.o(.data) for .data
    ili93xx.o(i.LCD_DrawRectangle) refers to ili93xx.o(i.LCD_DrawLine) for LCD_DrawLine
    ili93xx.o(i.LCD_Draw_Circle) refers to ili93xx.o(i.LCD_DrawPoint) for LCD_DrawPoint
    ili93xx.o(i.LCD_Fast_DrawPoint) refers to ili93xx.o(i.LCD_WR_REG) for LCD_WR_REG
    ili93xx.o(i.LCD_Fast_DrawPoint) refers to ili93xx.o(i.LCD_WR_DATA) for LCD_WR_DATA
    ili93xx.o(i.LCD_Fast_DrawPoint) refers to ili93xx.o(i.LCD_WriteReg) for LCD_WriteReg
    ili93xx.o(i.LCD_Fast_DrawPoint) refers to ili93xx.o(.bss) for .bss
    ili93xx.o(i.LCD_Fill) refers to ili93xx.o(i.LCD_SetCursor) for LCD_SetCursor
    ili93xx.o(i.LCD_Fill) refers to ili93xx.o(i.LCD_WriteRAM_Prepare) for LCD_WriteRAM_Prepare
    ili93xx.o(i.LCD_ReadPoint) refers to ili93xx.o(i.LCD_SetCursor) for LCD_SetCursor
    ili93xx.o(i.LCD_ReadPoint) refers to ili93xx.o(i.LCD_WR_REG) for LCD_WR_REG
    ili93xx.o(i.LCD_ReadPoint) refers to ili93xx.o(i.LCD_RD_DATA) for LCD_RD_DATA
    ili93xx.o(i.LCD_ReadPoint) refers to ili93xx.o(i.LCD_BGR2RGB) for LCD_BGR2RGB
    ili93xx.o(i.LCD_ReadPoint) refers to ili93xx.o(.bss) for .bss
    ili93xx.o(i.LCD_ReadReg) refers to ili93xx.o(i.LCD_WR_REG) for LCD_WR_REG
    ili93xx.o(i.LCD_ReadReg) refers to ili93xx.o(i.LCD_RD_DATA) for LCD_RD_DATA
    ili93xx.o(i.LCD_SSD_BackLightSet) refers to ili93xx.o(i.LCD_WR_REG) for LCD_WR_REG
    ili93xx.o(i.LCD_SSD_BackLightSet) refers to ili93xx.o(i.LCD_WR_DATA) for LCD_WR_DATA
    ili93xx.o(i.LCD_SSD_BackLightSet) refers to dfltui.o(.text) for __aeabi_ui2d
    ili93xx.o(i.LCD_SSD_BackLightSet) refers to dmul.o(.text) for __aeabi_dmul
    ili93xx.o(i.LCD_SSD_BackLightSet) refers to dfixui.o(.text) for __aeabi_d2uiz
    ili93xx.o(i.LCD_Scan_Dir) refers to ili93xx.o(i.LCD_WriteReg) for LCD_WriteReg
    ili93xx.o(i.LCD_Scan_Dir) refers to ili93xx.o(i.LCD_WR_REG) for LCD_WR_REG
    ili93xx.o(i.LCD_Scan_Dir) refers to ili93xx.o(i.LCD_WR_DATA) for LCD_WR_DATA
    ili93xx.o(i.LCD_Scan_Dir) refers to ili93xx.o(.bss) for .bss
    ili93xx.o(i.LCD_SetCursor) refers to ili93xx.o(i.LCD_WR_REG) for LCD_WR_REG
    ili93xx.o(i.LCD_SetCursor) refers to ili93xx.o(i.LCD_WR_DATA) for LCD_WR_DATA
    ili93xx.o(i.LCD_SetCursor) refers to ili93xx.o(.bss) for .bss
    ili93xx.o(i.LCD_Set_Window) refers to ili93xx.o(i.LCD_WR_REG) for LCD_WR_REG
    ili93xx.o(i.LCD_Set_Window) refers to ili93xx.o(i.LCD_WR_DATA) for LCD_WR_DATA
    ili93xx.o(i.LCD_Set_Window) refers to ili93xx.o(.bss) for .bss
    ili93xx.o(i.LCD_ShowChar) refers to ili93xx.o(i.LCD_Fast_DrawPoint) for LCD_Fast_DrawPoint
    ili93xx.o(i.LCD_ShowChar) refers to ili93xx.o(.bss) for .bss
    ili93xx.o(i.LCD_ShowChar) refers to ili93xx.o(.constdata) for .constdata
    ili93xx.o(i.LCD_ShowChar) refers to ili93xx.o(.data) for .data
    ili93xx.o(i.LCD_ShowNum) refers to ili93xx.o(i.LCD_Pow) for LCD_Pow
    ili93xx.o(i.LCD_ShowNum) refers to ili93xx.o(i.LCD_ShowChar) for LCD_ShowChar
    ili93xx.o(i.LCD_ShowString) refers to ili93xx.o(i.LCD_ShowChar) for LCD_ShowChar
    ili93xx.o(i.LCD_ShowxNum) refers to ili93xx.o(i.LCD_Pow) for LCD_Pow
    ili93xx.o(i.LCD_ShowxNum) refers to ili93xx.o(i.LCD_ShowChar) for LCD_ShowChar
    ili93xx.o(i.LCD_WriteRAM_Prepare) refers to ili93xx.o(.bss) for .bss
    ili93xx.o(i.TFTLCD_Init) refers to stm32f4xx_hal.o(i.HAL_Delay) for HAL_Delay
    ili93xx.o(i.TFTLCD_Init) refers to ili93xx.o(i.LCD_WR_REG) for LCD_WR_REG
    ili93xx.o(i.TFTLCD_Init) refers to ili93xx.o(i.LCD_RD_DATA) for LCD_RD_DATA
    ili93xx.o(i.TFTLCD_Init) refers to ili93xx.o(i.LCD_WR_DATA) for LCD_WR_DATA
    ili93xx.o(i.TFTLCD_Init) refers to ili93xx.o(.bss) for .bss
    ili93xx.o(i.TFTLCD_Init) refers to ili93xx.o(i.LCD_WriteReg) for LCD_WriteReg
    ili93xx.o(i.TFTLCD_Init) refers to ili93xx.o(i.LCD_SSD_BackLightSet) for LCD_SSD_BackLightSet
    ili93xx.o(i.TFTLCD_Init) refers to ili93xx.o(i.LCD_Display_Dir) for LCD_Display_Dir
    ili93xx.o(i.TFTLCD_Init) refers to ili93xx.o(i.LCD_Clear) for LCD_Clear
    stm32f4xx_ll_fsmc.o(i.FSMC_NAND_GetECC) refers to stm32f4xx_hal.o(i.HAL_GetTick) for HAL_GetTick
    stm32f4xx_hal_rcc.o(i.HAL_RCC_ClockConfig) refers to stm32f4xx_hal.o(i.HAL_GetTick) for HAL_GetTick
    stm32f4xx_hal_rcc.o(i.HAL_RCC_ClockConfig) refers to stm32f4xx_hal_rcc.o(i.HAL_RCC_GetSysClockFreq) for HAL_RCC_GetSysClockFreq
    stm32f4xx_hal_rcc.o(i.HAL_RCC_ClockConfig) refers to stm32f4xx_hal.o(i.HAL_InitTick) for HAL_InitTick
    stm32f4xx_hal_rcc.o(i.HAL_RCC_ClockConfig) refers to system_stm32f4xx.o(.constdata) for AHBPrescTable
    stm32f4xx_hal_rcc.o(i.HAL_RCC_ClockConfig) refers to system_stm32f4xx.o(.data) for SystemCoreClock
    stm32f4xx_hal_rcc.o(i.HAL_RCC_ClockConfig) refers to stm32f4xx_hal.o(.data) for uwTickPrio
    stm32f4xx_hal_rcc.o(i.HAL_RCC_GetHCLKFreq) refers to system_stm32f4xx.o(.data) for SystemCoreClock
    stm32f4xx_hal_rcc.o(i.HAL_RCC_GetPCLK1Freq) refers to system_stm32f4xx.o(.data) for SystemCoreClock
    stm32f4xx_hal_rcc.o(i.HAL_RCC_GetPCLK1Freq) refers to system_stm32f4xx.o(.constdata) for APBPrescTable
    stm32f4xx_hal_rcc.o(i.HAL_RCC_GetPCLK2Freq) refers to system_stm32f4xx.o(.data) for SystemCoreClock
    stm32f4xx_hal_rcc.o(i.HAL_RCC_GetPCLK2Freq) refers to system_stm32f4xx.o(.constdata) for APBPrescTable
    stm32f4xx_hal_rcc.o(i.HAL_RCC_GetSysClockFreq) refers to uldiv.o(.text) for __aeabi_uldivmod
    stm32f4xx_hal_rcc.o(i.HAL_RCC_MCOConfig) refers to stm32f4xx_hal_gpio.o(i.HAL_GPIO_Init) for HAL_GPIO_Init
    stm32f4xx_hal_rcc.o(i.HAL_RCC_NMI_IRQHandler) refers to stm32f4xx_hal_rcc.o(i.HAL_RCC_CSSCallback) for HAL_RCC_CSSCallback
    stm32f4xx_hal_rcc.o(i.HAL_RCC_OscConfig) refers to stm32f4xx_hal.o(i.HAL_GetTick) for HAL_GetTick
    stm32f4xx_hal_rcc_ex.o(i.HAL_RCCEx_DisablePLLI2S) refers to stm32f4xx_hal.o(i.HAL_GetTick) for HAL_GetTick
    stm32f4xx_hal_rcc_ex.o(i.HAL_RCCEx_EnablePLLI2S) refers to stm32f4xx_hal.o(i.HAL_GetTick) for HAL_GetTick
    stm32f4xx_hal_rcc_ex.o(i.HAL_RCCEx_PeriphCLKConfig) refers to stm32f4xx_hal.o(i.HAL_GetTick) for HAL_GetTick
    stm32f4xx_hal_rcc_ex.o(i.HAL_RCC_DeInit) refers to stm32f4xx_hal.o(i.HAL_GetTick) for HAL_GetTick
    stm32f4xx_hal_rcc_ex.o(i.HAL_RCC_DeInit) refers to stm32f4xx_hal.o(i.HAL_InitTick) for HAL_InitTick
    stm32f4xx_hal_rcc_ex.o(i.HAL_RCC_DeInit) refers to system_stm32f4xx.o(.data) for SystemCoreClock
    stm32f4xx_hal_rcc_ex.o(i.HAL_RCC_DeInit) refers to stm32f4xx_hal.o(.data) for uwTickPrio
    stm32f4xx_hal_flash.o(i.FLASH_SetErrorCode) refers to stm32f4xx_hal_flash.o(.bss) for .bss
    stm32f4xx_hal_flash.o(i.FLASH_WaitForLastOperation) refers to stm32f4xx_hal.o(i.HAL_GetTick) for HAL_GetTick
    stm32f4xx_hal_flash.o(i.FLASH_WaitForLastOperation) refers to stm32f4xx_hal_flash.o(i.FLASH_SetErrorCode) for FLASH_SetErrorCode
    stm32f4xx_hal_flash.o(i.FLASH_WaitForLastOperation) refers to stm32f4xx_hal_flash.o(.bss) for .bss
    stm32f4xx_hal_flash.o(i.HAL_FLASH_GetError) refers to stm32f4xx_hal_flash.o(.bss) for .bss
    stm32f4xx_hal_flash.o(i.HAL_FLASH_IRQHandler) refers to stm32f4xx_hal_flash.o(i.FLASH_SetErrorCode) for FLASH_SetErrorCode
    stm32f4xx_hal_flash.o(i.HAL_FLASH_IRQHandler) refers to stm32f4xx_hal_flash.o(i.HAL_FLASH_OperationErrorCallback) for HAL_FLASH_OperationErrorCallback
    stm32f4xx_hal_flash.o(i.HAL_FLASH_IRQHandler) refers to stm32f4xx_hal_flash.o(i.HAL_FLASH_EndOfOperationCallback) for HAL_FLASH_EndOfOperationCallback
    stm32f4xx_hal_flash.o(i.HAL_FLASH_IRQHandler) refers to stm32f4xx_hal_flash_ex.o(i.FLASH_Erase_Sector) for FLASH_Erase_Sector
    stm32f4xx_hal_flash.o(i.HAL_FLASH_IRQHandler) refers to stm32f4xx_hal_flash_ex.o(i.FLASH_FlushCaches) for FLASH_FlushCaches
    stm32f4xx_hal_flash.o(i.HAL_FLASH_IRQHandler) refers to stm32f4xx_hal_flash.o(.bss) for .bss
    stm32f4xx_hal_flash.o(i.HAL_FLASH_OB_Launch) refers to stm32f4xx_hal_flash.o(i.FLASH_WaitForLastOperation) for FLASH_WaitForLastOperation
    stm32f4xx_hal_flash.o(i.HAL_FLASH_Program) refers to stm32f4xx_hal_flash.o(i.FLASH_WaitForLastOperation) for FLASH_WaitForLastOperation
    stm32f4xx_hal_flash.o(i.HAL_FLASH_Program) refers to stm32f4xx_hal_flash.o(i.FLASH_Program_DoubleWord) for FLASH_Program_DoubleWord
    stm32f4xx_hal_flash.o(i.HAL_FLASH_Program) refers to stm32f4xx_hal_flash.o(i.FLASH_Program_Byte) for FLASH_Program_Byte
    stm32f4xx_hal_flash.o(i.HAL_FLASH_Program) refers to stm32f4xx_hal_flash.o(i.FLASH_Program_HalfWord) for FLASH_Program_HalfWord
    stm32f4xx_hal_flash.o(i.HAL_FLASH_Program) refers to stm32f4xx_hal_flash.o(i.FLASH_Program_Word) for FLASH_Program_Word
    stm32f4xx_hal_flash.o(i.HAL_FLASH_Program) refers to stm32f4xx_hal_flash.o(.bss) for .bss
    stm32f4xx_hal_flash.o(i.HAL_FLASH_Program_IT) refers to stm32f4xx_hal_flash.o(i.FLASH_Program_DoubleWord) for FLASH_Program_DoubleWord
    stm32f4xx_hal_flash.o(i.HAL_FLASH_Program_IT) refers to stm32f4xx_hal_flash.o(i.FLASH_Program_Byte) for FLASH_Program_Byte
    stm32f4xx_hal_flash.o(i.HAL_FLASH_Program_IT) refers to stm32f4xx_hal_flash.o(i.FLASH_Program_HalfWord) for FLASH_Program_HalfWord
    stm32f4xx_hal_flash.o(i.HAL_FLASH_Program_IT) refers to stm32f4xx_hal_flash.o(i.FLASH_Program_Word) for FLASH_Program_Word
    stm32f4xx_hal_flash.o(i.HAL_FLASH_Program_IT) refers to stm32f4xx_hal_flash.o(.bss) for .bss
    stm32f4xx_hal_flash_ex.o(i.HAL_FLASHEx_Erase) refers to stm32f4xx_hal_flash.o(i.FLASH_WaitForLastOperation) for FLASH_WaitForLastOperation
    stm32f4xx_hal_flash_ex.o(i.HAL_FLASHEx_Erase) refers to stm32f4xx_hal_flash_ex.o(i.FLASH_MassErase) for FLASH_MassErase
    stm32f4xx_hal_flash_ex.o(i.HAL_FLASHEx_Erase) refers to stm32f4xx_hal_flash_ex.o(i.FLASH_Erase_Sector) for FLASH_Erase_Sector
    stm32f4xx_hal_flash_ex.o(i.HAL_FLASHEx_Erase) refers to stm32f4xx_hal_flash_ex.o(i.FLASH_FlushCaches) for FLASH_FlushCaches
    stm32f4xx_hal_flash_ex.o(i.HAL_FLASHEx_Erase) refers to stm32f4xx_hal_flash.o(.bss) for pFlash
    stm32f4xx_hal_flash_ex.o(i.HAL_FLASHEx_Erase_IT) refers to stm32f4xx_hal_flash_ex.o(i.FLASH_Erase_Sector) for FLASH_Erase_Sector
    stm32f4xx_hal_flash_ex.o(i.HAL_FLASHEx_Erase_IT) refers to stm32f4xx_hal_flash_ex.o(i.FLASH_MassErase) for FLASH_MassErase
    stm32f4xx_hal_flash_ex.o(i.HAL_FLASHEx_Erase_IT) refers to stm32f4xx_hal_flash.o(.bss) for pFlash
    stm32f4xx_hal_flash_ex.o(i.HAL_FLASHEx_OBProgram) refers to stm32f4xx_hal_flash.o(i.FLASH_WaitForLastOperation) for FLASH_WaitForLastOperation
    stm32f4xx_hal_flash_ex.o(i.HAL_FLASHEx_OBProgram) refers to stm32f4xx_hal_flash.o(.bss) for pFlash
    stm32f4xx_hal_gpio.o(i.HAL_GPIO_EXTI_IRQHandler) refers to stm32f4xx_hal_gpio.o(i.HAL_GPIO_EXTI_Callback) for HAL_GPIO_EXTI_Callback
    stm32f4xx_hal_dma_ex.o(i.HAL_DMAEx_MultiBufferStart) refers to stm32f4xx_hal_dma_ex.o(i.DMA_MultiBufferSetConfig) for DMA_MultiBufferSetConfig
    stm32f4xx_hal_dma_ex.o(i.HAL_DMAEx_MultiBufferStart_IT) refers to stm32f4xx_hal_dma_ex.o(i.DMA_MultiBufferSetConfig) for DMA_MultiBufferSetConfig
    stm32f4xx_hal_dma.o(i.DMA_CalcBaseAndBitshift) refers to stm32f4xx_hal_dma.o(.constdata) for .constdata
    stm32f4xx_hal_dma.o(i.HAL_DMA_Abort) refers to stm32f4xx_hal.o(i.HAL_GetTick) for HAL_GetTick
    stm32f4xx_hal_dma.o(i.HAL_DMA_DeInit) refers to stm32f4xx_hal_dma.o(i.DMA_CalcBaseAndBitshift) for DMA_CalcBaseAndBitshift
    stm32f4xx_hal_dma.o(i.HAL_DMA_IRQHandler) refers to system_stm32f4xx.o(.data) for SystemCoreClock
    stm32f4xx_hal_dma.o(i.HAL_DMA_Init) refers to stm32f4xx_hal.o(i.HAL_GetTick) for HAL_GetTick
    stm32f4xx_hal_dma.o(i.HAL_DMA_Init) refers to stm32f4xx_hal_dma.o(i.DMA_CheckFifoParam) for DMA_CheckFifoParam
    stm32f4xx_hal_dma.o(i.HAL_DMA_Init) refers to stm32f4xx_hal_dma.o(i.DMA_CalcBaseAndBitshift) for DMA_CalcBaseAndBitshift
    stm32f4xx_hal_dma.o(i.HAL_DMA_PollForTransfer) refers to stm32f4xx_hal.o(i.HAL_GetTick) for HAL_GetTick
    stm32f4xx_hal_dma.o(i.HAL_DMA_PollForTransfer) refers to stm32f4xx_hal_dma.o(i.HAL_DMA_Abort) for HAL_DMA_Abort
    stm32f4xx_hal_dma.o(i.HAL_DMA_Start) refers to stm32f4xx_hal_dma.o(i.DMA_SetConfig) for DMA_SetConfig
    stm32f4xx_hal_dma.o(i.HAL_DMA_Start_IT) refers to stm32f4xx_hal_dma.o(i.DMA_SetConfig) for DMA_SetConfig
    stm32f4xx_hal_pwr.o(i.HAL_PWR_PVD_IRQHandler) refers to stm32f4xx_hal_pwr.o(i.HAL_PWR_PVDCallback) for HAL_PWR_PVDCallback
    stm32f4xx_hal_pwr_ex.o(i.HAL_PWREx_ControlVoltageScaling) refers to stm32f4xx_hal.o(i.HAL_GetTick) for HAL_GetTick
    stm32f4xx_hal_pwr_ex.o(i.HAL_PWREx_DisableBkUpReg) refers to stm32f4xx_hal.o(i.HAL_GetTick) for HAL_GetTick
    stm32f4xx_hal_pwr_ex.o(i.HAL_PWREx_EnableBkUpReg) refers to stm32f4xx_hal.o(i.HAL_GetTick) for HAL_GetTick
    stm32f4xx_hal_cortex.o(i.HAL_NVIC_SetPriority) refers to stm32f4xx_hal_cortex.o(i.__NVIC_SetPriority) for __NVIC_SetPriority
    stm32f4xx_hal_cortex.o(i.HAL_SYSTICK_Config) refers to stm32f4xx_hal_cortex.o(i.__NVIC_SetPriority) for __NVIC_SetPriority
    stm32f4xx_hal_cortex.o(i.HAL_SYSTICK_IRQHandler) refers to stm32f4xx_hal_cortex.o(i.HAL_SYSTICK_Callback) for HAL_SYSTICK_Callback
    stm32f4xx_hal.o(i.HAL_DeInit) refers to stm32f4xx_hal.o(i.HAL_MspDeInit) for HAL_MspDeInit
    stm32f4xx_hal.o(i.HAL_Delay) refers to stm32f4xx_hal.o(i.HAL_GetTick) for HAL_GetTick
    stm32f4xx_hal.o(i.HAL_Delay) refers to stm32f4xx_hal.o(.data) for .data
    stm32f4xx_hal.o(i.HAL_GetTick) refers to stm32f4xx_hal.o(.data) for .data
    stm32f4xx_hal.o(i.HAL_GetTickFreq) refers to stm32f4xx_hal.o(.data) for .data
    stm32f4xx_hal.o(i.HAL_GetTickPrio) refers to stm32f4xx_hal.o(.data) for .data
    stm32f4xx_hal.o(i.HAL_IncTick) refers to stm32f4xx_hal.o(.data) for .data
    stm32f4xx_hal.o(i.HAL_Init) refers to stm32f4xx_hal_cortex.o(i.HAL_NVIC_SetPriorityGrouping) for HAL_NVIC_SetPriorityGrouping
    stm32f4xx_hal.o(i.HAL_Init) refers to stm32f4xx_hal.o(i.HAL_InitTick) for HAL_InitTick
    stm32f4xx_hal.o(i.HAL_Init) refers to stm32f4xx_hal_msp.o(i.HAL_MspInit) for HAL_MspInit
    stm32f4xx_hal.o(i.HAL_InitTick) refers to stm32f4xx_hal_cortex.o(i.HAL_SYSTICK_Config) for HAL_SYSTICK_Config
    stm32f4xx_hal.o(i.HAL_InitTick) refers to stm32f4xx_hal_cortex.o(i.HAL_NVIC_SetPriority) for HAL_NVIC_SetPriority
    stm32f4xx_hal.o(i.HAL_InitTick) refers to stm32f4xx_hal.o(.data) for .data
    stm32f4xx_hal.o(i.HAL_InitTick) refers to system_stm32f4xx.o(.data) for SystemCoreClock
    stm32f4xx_hal.o(i.HAL_SetTickFreq) refers to stm32f4xx_hal.o(i.HAL_InitTick) for HAL_InitTick
    stm32f4xx_hal.o(i.HAL_SetTickFreq) refers to stm32f4xx_hal.o(.data) for .data
    stm32f4xx_hal_sram.o(i.HAL_SRAM_DeInit) refers to fsmc.o(i.HAL_SRAM_MspDeInit) for HAL_SRAM_MspDeInit
    stm32f4xx_hal_sram.o(i.HAL_SRAM_DeInit) refers to stm32f4xx_ll_fsmc.o(i.FSMC_NORSRAM_DeInit) for FSMC_NORSRAM_DeInit
    stm32f4xx_hal_sram.o(i.HAL_SRAM_Init) refers to fsmc.o(i.HAL_SRAM_MspInit) for HAL_SRAM_MspInit
    stm32f4xx_hal_sram.o(i.HAL_SRAM_Init) refers to stm32f4xx_ll_fsmc.o(i.FSMC_NORSRAM_Init) for FSMC_NORSRAM_Init
    stm32f4xx_hal_sram.o(i.HAL_SRAM_Init) refers to stm32f4xx_ll_fsmc.o(i.FSMC_NORSRAM_Timing_Init) for FSMC_NORSRAM_Timing_Init
    stm32f4xx_hal_sram.o(i.HAL_SRAM_Init) refers to stm32f4xx_ll_fsmc.o(i.FSMC_NORSRAM_Extended_Timing_Init) for FSMC_NORSRAM_Extended_Timing_Init
    stm32f4xx_hal_sram.o(i.HAL_SRAM_Read_DMA) refers to stm32f4xx_hal_dma.o(i.HAL_DMA_Start_IT) for HAL_DMA_Start_IT
    stm32f4xx_hal_sram.o(i.HAL_SRAM_Read_DMA) refers to stm32f4xx_hal_sram.o(i.HAL_SRAM_DMA_XferCpltCallback) for HAL_SRAM_DMA_XferCpltCallback
    stm32f4xx_hal_sram.o(i.HAL_SRAM_Read_DMA) refers to stm32f4xx_hal_sram.o(i.HAL_SRAM_DMA_XferErrorCallback) for HAL_SRAM_DMA_XferErrorCallback
    stm32f4xx_hal_sram.o(i.HAL_SRAM_WriteOperation_Disable) refers to stm32f4xx_ll_fsmc.o(i.FSMC_NORSRAM_WriteOperation_Disable) for FSMC_NORSRAM_WriteOperation_Disable
    stm32f4xx_hal_sram.o(i.HAL_SRAM_WriteOperation_Enable) refers to stm32f4xx_ll_fsmc.o(i.FSMC_NORSRAM_WriteOperation_Enable) for FSMC_NORSRAM_WriteOperation_Enable
    stm32f4xx_hal_sram.o(i.HAL_SRAM_Write_DMA) refers to stm32f4xx_hal_dma.o(i.HAL_DMA_Start_IT) for HAL_DMA_Start_IT
    stm32f4xx_hal_sram.o(i.HAL_SRAM_Write_DMA) refers to stm32f4xx_hal_sram.o(i.HAL_SRAM_DMA_XferCpltCallback) for HAL_SRAM_DMA_XferCpltCallback
    stm32f4xx_hal_sram.o(i.HAL_SRAM_Write_DMA) refers to stm32f4xx_hal_sram.o(i.HAL_SRAM_DMA_XferErrorCallback) for HAL_SRAM_DMA_XferErrorCallback
    system_stm32f4xx.o(i.SystemCoreClockUpdate) refers to system_stm32f4xx.o(.data) for .data
    system_stm32f4xx.o(i.SystemCoreClockUpdate) refers to system_stm32f4xx.o(.constdata) for .constdata
    entry.o(.ARM.Collect$$$$00000000) refers (Special) to entry10a.o(.ARM.Collect$$$$0000000D) for __rt_final_cpp
    entry.o(.ARM.Collect$$$$00000000) refers (Special) to entry11a.o(.ARM.Collect$$$$0000000F) for __rt_final_exit
    entry.o(.ARM.Collect$$$$00000000) refers (Special) to entry7b.o(.ARM.Collect$$$$00000008) for _main_clock
    entry.o(.ARM.Collect$$$$00000000) refers (Special) to entry8b.o(.ARM.Collect$$$$0000000A) for _main_cpp_init
    entry.o(.ARM.Collect$$$$00000000) refers (Special) to entry9a.o(.ARM.Collect$$$$0000000B) for _main_init
    entry.o(.ARM.Collect$$$$00000000) refers (Special) to entry5.o(.ARM.Collect$$$$00000004) for _main_scatterload
    entry.o(.ARM.Collect$$$$00000000) refers (Special) to entry2.o(.ARM.Collect$$$$00000001) for _main_stk
    uldiv.o(.text) refers to llushr.o(.text) for __aeabi_llsr
    uldiv.o(.text) refers to llshl.o(.text) for __aeabi_llsl
    dmul.o(.text) refers (Special) to iusefp.o(.text) for __I$use$fp
    dmul.o(.text) refers to depilogue.o(.text) for _double_epilogue
    dfltui.o(.text) refers (Special) to iusefp.o(.text) for __I$use$fp
    dfltui.o(.text) refers to depilogue.o(.text) for _double_epilogue
    dfixui.o(.text) refers (Special) to iusefp.o(.text) for __I$use$fp
    dfixui.o(.text) refers to llushr.o(.text) for __aeabi_llsr
    entry2.o(.ARM.Collect$$$$00000001) refers to entry2.o(.ARM.Collect$$$$00002712) for __lit__00000000
    entry2.o(.ARM.Collect$$$$00002712) refers to startup_stm32f407xx.o(STACK) for __initial_sp
    entry2.o(__vectab_stack_and_reset_area) refers to startup_stm32f407xx.o(STACK) for __initial_sp
    entry2.o(__vectab_stack_and_reset_area) refers to entry.o(.ARM.Collect$$$$00000000) for __main
    entry5.o(.ARM.Collect$$$$00000004) refers to init.o(.text) for __scatterload
    entry9a.o(.ARM.Collect$$$$0000000B) refers to main.o(i.main) for main
    entry9b.o(.ARM.Collect$$$$0000000C) refers to main.o(i.main) for main
    depilogue.o(.text) refers to llshl.o(.text) for __aeabi_llsl
    depilogue.o(.text) refers to llushr.o(.text) for __aeabi_llsr
    init.o(.text) refers to entry5.o(.ARM.Collect$$$$00000004) for __main_after_scatterload


==============================================================================

Removing Unused input sections from the image.

    Removing startup_stm32f407xx.o(HEAP), (512 bytes).
    Removing main.o(.rev16_text), (4 bytes).
    Removing main.o(.revsh_text), (4 bytes).
    Removing main.o(.rrx_text), (6 bytes).
    Removing gpio.o(.rev16_text), (4 bytes).
    Removing gpio.o(.revsh_text), (4 bytes).
    Removing gpio.o(.rrx_text), (6 bytes).
    Removing fsmc.o(.rev16_text), (4 bytes).
    Removing fsmc.o(.revsh_text), (4 bytes).
    Removing fsmc.o(.rrx_text), (6 bytes).
    Removing fsmc.o(i.HAL_SRAM_MspDeInit), (92 bytes).
    Removing stm32f4xx_it.o(.rev16_text), (4 bytes).
    Removing stm32f4xx_it.o(.revsh_text), (4 bytes).
    Removing stm32f4xx_it.o(.rrx_text), (6 bytes).
    Removing stm32f4xx_hal_msp.o(.rev16_text), (4 bytes).
    Removing stm32f4xx_hal_msp.o(.revsh_text), (4 bytes).
    Removing stm32f4xx_hal_msp.o(.rrx_text), (6 bytes).
    Removing ili93xx.o(.rev16_text), (4 bytes).
    Removing ili93xx.o(.revsh_text), (4 bytes).
    Removing ili93xx.o(.rrx_text), (6 bytes).
    Removing ili93xx.o(i.LCD_BGR2RGB), (18 bytes).
    Removing ili93xx.o(i.LCD_Color_Fill), (88 bytes).
    Removing ili93xx.o(i.LCD_DisplayOff), (56 bytes).
    Removing ili93xx.o(i.LCD_DisplayOn), (56 bytes).
    Removing ili93xx.o(i.LCD_DrawLine), (154 bytes).
    Removing ili93xx.o(i.LCD_DrawRectangle), (56 bytes).
    Removing ili93xx.o(i.LCD_Draw_Circle), (176 bytes).
    Removing ili93xx.o(i.LCD_Fast_DrawPoint), (284 bytes).
    Removing ili93xx.o(i.LCD_Fill), (72 bytes).
    Removing ili93xx.o(i.LCD_Pow), (16 bytes).
    Removing ili93xx.o(i.LCD_ReadPoint), (304 bytes).
    Removing ili93xx.o(i.LCD_ReadReg), (22 bytes).
    Removing ili93xx.o(i.LCD_Set_Window), (360 bytes).
    Removing ili93xx.o(i.LCD_ShowChar), (228 bytes).
    Removing ili93xx.o(i.LCD_ShowNum), (118 bytes).
    Removing ili93xx.o(i.LCD_ShowString), (84 bytes).
    Removing ili93xx.o(i.LCD_ShowxNum), (134 bytes).
    Removing ili93xx.o(i.LCD_WriteRAM), (10 bytes).
    Removing ili93xx.o(i.opt_delay), (8 bytes).
    Removing ili93xx.o(.bss), (80 bytes).
    Removing ili93xx.o(.constdata), (18240 bytes).
    Removing stm32f4xx_ll_fsmc.o(.rev16_text), (4 bytes).
    Removing stm32f4xx_ll_fsmc.o(.revsh_text), (4 bytes).
    Removing stm32f4xx_ll_fsmc.o(.rrx_text), (6 bytes).
    Removing stm32f4xx_ll_fsmc.o(i.FSMC_NAND_AttributeSpace_Timing_Init), (50 bytes).
    Removing stm32f4xx_ll_fsmc.o(i.FSMC_NAND_CommonSpace_Timing_Init), (50 bytes).
    Removing stm32f4xx_ll_fsmc.o(i.FSMC_NAND_DeInit), (52 bytes).
    Removing stm32f4xx_ll_fsmc.o(i.FSMC_NAND_ECC_Disable), (26 bytes).
    Removing stm32f4xx_ll_fsmc.o(i.FSMC_NAND_ECC_Enable), (26 bytes).
    Removing stm32f4xx_ll_fsmc.o(i.FSMC_NAND_GetECC), (80 bytes).
    Removing stm32f4xx_ll_fsmc.o(i.FSMC_NAND_Init), (80 bytes).
    Removing stm32f4xx_ll_fsmc.o(i.FSMC_NORSRAM_DeInit), (50 bytes).
    Removing stm32f4xx_ll_fsmc.o(i.FSMC_NORSRAM_WriteOperation_Disable), (16 bytes).
    Removing stm32f4xx_ll_fsmc.o(i.FSMC_NORSRAM_WriteOperation_Enable), (16 bytes).
    Removing stm32f4xx_ll_fsmc.o(i.FSMC_PCCARD_AttributeSpace_Timing_Init), (28 bytes).
    Removing stm32f4xx_ll_fsmc.o(i.FSMC_PCCARD_CommonSpace_Timing_Init), (28 bytes).
    Removing stm32f4xx_ll_fsmc.o(i.FSMC_PCCARD_DeInit), (30 bytes).
    Removing stm32f4xx_ll_fsmc.o(i.FSMC_PCCARD_IOSpace_Timing_Init), (28 bytes).
    Removing stm32f4xx_ll_fsmc.o(i.FSMC_PCCARD_Init), (40 bytes).
    Removing stm32f4xx_hal_rcc.o(.rev16_text), (4 bytes).
    Removing stm32f4xx_hal_rcc.o(.revsh_text), (4 bytes).
    Removing stm32f4xx_hal_rcc.o(.rrx_text), (6 bytes).
    Removing stm32f4xx_hal_rcc.o(i.HAL_RCC_CSSCallback), (2 bytes).
    Removing stm32f4xx_hal_rcc.o(i.HAL_RCC_DeInit), (4 bytes).
    Removing stm32f4xx_hal_rcc.o(i.HAL_RCC_DisableCSS), (12 bytes).
    Removing stm32f4xx_hal_rcc.o(i.HAL_RCC_EnableCSS), (12 bytes).
    Removing stm32f4xx_hal_rcc.o(i.HAL_RCC_GetClockConfig), (64 bytes).
    Removing stm32f4xx_hal_rcc.o(i.HAL_RCC_GetHCLKFreq), (12 bytes).
    Removing stm32f4xx_hal_rcc.o(i.HAL_RCC_GetOscConfig), (180 bytes).
    Removing stm32f4xx_hal_rcc.o(i.HAL_RCC_GetPCLK1Freq), (32 bytes).
    Removing stm32f4xx_hal_rcc.o(i.HAL_RCC_GetPCLK2Freq), (32 bytes).
    Removing stm32f4xx_hal_rcc.o(i.HAL_RCC_MCOConfig), (140 bytes).
    Removing stm32f4xx_hal_rcc.o(i.HAL_RCC_NMI_IRQHandler), (28 bytes).
    Removing stm32f4xx_hal_rcc_ex.o(.rev16_text), (4 bytes).
    Removing stm32f4xx_hal_rcc_ex.o(.revsh_text), (4 bytes).
    Removing stm32f4xx_hal_rcc_ex.o(.rrx_text), (6 bytes).
    Removing stm32f4xx_hal_rcc_ex.o(i.HAL_RCCEx_DisablePLLI2S), (52 bytes).
    Removing stm32f4xx_hal_rcc_ex.o(i.HAL_RCCEx_EnablePLLI2S), (104 bytes).
    Removing stm32f4xx_hal_rcc_ex.o(i.HAL_RCCEx_GetPeriphCLKConfig), (52 bytes).
    Removing stm32f4xx_hal_rcc_ex.o(i.HAL_RCCEx_GetPeriphCLKFreq), (92 bytes).
    Removing stm32f4xx_hal_rcc_ex.o(i.HAL_RCCEx_PeriphCLKConfig), (316 bytes).
    Removing stm32f4xx_hal_rcc_ex.o(i.HAL_RCC_DeInit), (308 bytes).
    Removing stm32f4xx_hal_flash.o(.rev16_text), (4 bytes).
    Removing stm32f4xx_hal_flash.o(.revsh_text), (4 bytes).
    Removing stm32f4xx_hal_flash.o(.rrx_text), (6 bytes).
    Removing stm32f4xx_hal_flash.o(i.FLASH_Program_Byte), (32 bytes).
    Removing stm32f4xx_hal_flash.o(i.FLASH_Program_DoubleWord), (44 bytes).
    Removing stm32f4xx_hal_flash.o(i.FLASH_Program_HalfWord), (36 bytes).
    Removing stm32f4xx_hal_flash.o(i.FLASH_Program_Word), (36 bytes).
    Removing stm32f4xx_hal_flash.o(i.FLASH_SetErrorCode), (104 bytes).
    Removing stm32f4xx_hal_flash.o(i.FLASH_WaitForLastOperation), (80 bytes).
    Removing stm32f4xx_hal_flash.o(i.HAL_FLASH_EndOfOperationCallback), (2 bytes).
    Removing stm32f4xx_hal_flash.o(i.HAL_FLASH_GetError), (12 bytes).
    Removing stm32f4xx_hal_flash.o(i.HAL_FLASH_IRQHandler), (204 bytes).
    Removing stm32f4xx_hal_flash.o(i.HAL_FLASH_Lock), (20 bytes).
    Removing stm32f4xx_hal_flash.o(i.HAL_FLASH_OB_Launch), (24 bytes).
    Removing stm32f4xx_hal_flash.o(i.HAL_FLASH_OB_Lock), (20 bytes).
    Removing stm32f4xx_hal_flash.o(i.HAL_FLASH_OB_Unlock), (40 bytes).
    Removing stm32f4xx_hal_flash.o(i.HAL_FLASH_OperationErrorCallback), (2 bytes).
    Removing stm32f4xx_hal_flash.o(i.HAL_FLASH_Program), (124 bytes).
    Removing stm32f4xx_hal_flash.o(i.HAL_FLASH_Program_IT), (108 bytes).
    Removing stm32f4xx_hal_flash.o(i.HAL_FLASH_Unlock), (44 bytes).
    Removing stm32f4xx_hal_flash.o(.bss), (32 bytes).
    Removing stm32f4xx_hal_flash_ex.o(.rev16_text), (4 bytes).
    Removing stm32f4xx_hal_flash_ex.o(.revsh_text), (4 bytes).
    Removing stm32f4xx_hal_flash_ex.o(.rrx_text), (6 bytes).
    Removing stm32f4xx_hal_flash_ex.o(i.FLASH_Erase_Sector), (80 bytes).
    Removing stm32f4xx_hal_flash_ex.o(i.FLASH_FlushCaches), (84 bytes).
    Removing stm32f4xx_hal_flash_ex.o(i.FLASH_MassErase), (40 bytes).
    Removing stm32f4xx_hal_flash_ex.o(i.HAL_FLASHEx_Erase), (152 bytes).
    Removing stm32f4xx_hal_flash_ex.o(i.HAL_FLASHEx_Erase_IT), (104 bytes).
    Removing stm32f4xx_hal_flash_ex.o(i.HAL_FLASHEx_OBGetConfig), (64 bytes).
    Removing stm32f4xx_hal_flash_ex.o(i.HAL_FLASHEx_OBProgram), (204 bytes).
    Removing stm32f4xx_hal_flash_ramfunc.o(.rev16_text), (4 bytes).
    Removing stm32f4xx_hal_flash_ramfunc.o(.revsh_text), (4 bytes).
    Removing stm32f4xx_hal_flash_ramfunc.o(.rrx_text), (6 bytes).
    Removing stm32f4xx_hal_gpio.o(.rev16_text), (4 bytes).
    Removing stm32f4xx_hal_gpio.o(.revsh_text), (4 bytes).
    Removing stm32f4xx_hal_gpio.o(.rrx_text), (6 bytes).
    Removing stm32f4xx_hal_gpio.o(i.HAL_GPIO_DeInit), (360 bytes).
    Removing stm32f4xx_hal_gpio.o(i.HAL_GPIO_EXTI_Callback), (2 bytes).
    Removing stm32f4xx_hal_gpio.o(i.HAL_GPIO_EXTI_IRQHandler), (24 bytes).
    Removing stm32f4xx_hal_gpio.o(i.HAL_GPIO_LockPin), (34 bytes).
    Removing stm32f4xx_hal_gpio.o(i.HAL_GPIO_ReadPin), (10 bytes).
    Removing stm32f4xx_hal_gpio.o(i.HAL_GPIO_TogglePin), (14 bytes).
    Removing stm32f4xx_hal_dma_ex.o(.rev16_text), (4 bytes).
    Removing stm32f4xx_hal_dma_ex.o(.revsh_text), (4 bytes).
    Removing stm32f4xx_hal_dma_ex.o(.rrx_text), (6 bytes).
    Removing stm32f4xx_hal_dma_ex.o(i.DMA_MultiBufferSetConfig), (30 bytes).
    Removing stm32f4xx_hal_dma_ex.o(i.HAL_DMAEx_ChangeMemory), (14 bytes).
    Removing stm32f4xx_hal_dma_ex.o(i.HAL_DMAEx_MultiBufferStart), (100 bytes).
    Removing stm32f4xx_hal_dma_ex.o(i.HAL_DMAEx_MultiBufferStart_IT), (2432 bytes).
    Removing stm32f4xx_hal_dma.o(.rev16_text), (4 bytes).
    Removing stm32f4xx_hal_dma.o(.revsh_text), (4 bytes).
    Removing stm32f4xx_hal_dma.o(.rrx_text), (6 bytes).
    Removing stm32f4xx_hal_dma.o(i.DMA_CalcBaseAndBitshift), (40 bytes).
    Removing stm32f4xx_hal_dma.o(i.DMA_CheckFifoParam), (84 bytes).
    Removing stm32f4xx_hal_dma.o(i.DMA_SetConfig), (40 bytes).
    Removing stm32f4xx_hal_dma.o(i.HAL_DMA_Abort), (142 bytes).
    Removing stm32f4xx_hal_dma.o(i.HAL_DMA_Abort_IT), (36 bytes).
    Removing stm32f4xx_hal_dma.o(i.HAL_DMA_DeInit), (98 bytes).
    Removing stm32f4xx_hal_dma.o(i.HAL_DMA_GetError), (4 bytes).
    Removing stm32f4xx_hal_dma.o(i.HAL_DMA_GetState), (6 bytes).
    Removing stm32f4xx_hal_dma.o(i.HAL_DMA_IRQHandler), (416 bytes).
    Removing stm32f4xx_hal_dma.o(i.HAL_DMA_Init), (212 bytes).
    Removing stm32f4xx_hal_dma.o(i.HAL_DMA_PollForTransfer), (292 bytes).
    Removing stm32f4xx_hal_dma.o(i.HAL_DMA_RegisterCallback), (80 bytes).
    Removing stm32f4xx_hal_dma.o(i.HAL_DMA_Start), (70 bytes).
    Removing stm32f4xx_hal_dma.o(i.HAL_DMA_Start_IT), (110 bytes).
    Removing stm32f4xx_hal_dma.o(i.HAL_DMA_UnRegisterCallback), (96 bytes).
    Removing stm32f4xx_hal_dma.o(.constdata), (8 bytes).
    Removing stm32f4xx_hal_pwr.o(.rev16_text), (4 bytes).
    Removing stm32f4xx_hal_pwr.o(.revsh_text), (4 bytes).
    Removing stm32f4xx_hal_pwr.o(.rrx_text), (6 bytes).
    Removing stm32f4xx_hal_pwr.o(i.HAL_PWR_ConfigPVD), (124 bytes).
    Removing stm32f4xx_hal_pwr.o(i.HAL_PWR_DeInit), (24 bytes).
    Removing stm32f4xx_hal_pwr.o(i.HAL_PWR_DisableBkUpAccess), (12 bytes).
    Removing stm32f4xx_hal_pwr.o(i.HAL_PWR_DisablePVD), (12 bytes).
    Removing stm32f4xx_hal_pwr.o(i.HAL_PWR_DisableSEVOnPend), (16 bytes).
    Removing stm32f4xx_hal_pwr.o(i.HAL_PWR_DisableSleepOnExit), (16 bytes).
    Removing stm32f4xx_hal_pwr.o(i.HAL_PWR_DisableWakeUpPin), (16 bytes).
    Removing stm32f4xx_hal_pwr.o(i.HAL_PWR_EnableBkUpAccess), (12 bytes).
    Removing stm32f4xx_hal_pwr.o(i.HAL_PWR_EnablePVD), (12 bytes).
    Removing stm32f4xx_hal_pwr.o(i.HAL_PWR_EnableSEVOnPend), (16 bytes).
    Removing stm32f4xx_hal_pwr.o(i.HAL_PWR_EnableSleepOnExit), (16 bytes).
    Removing stm32f4xx_hal_pwr.o(i.HAL_PWR_EnableWakeUpPin), (16 bytes).
    Removing stm32f4xx_hal_pwr.o(i.HAL_PWR_EnterSLEEPMode), (32 bytes).
    Removing stm32f4xx_hal_pwr.o(i.HAL_PWR_EnterSTANDBYMode), (32 bytes).
    Removing stm32f4xx_hal_pwr.o(i.HAL_PWR_EnterSTOPMode), (56 bytes).
    Removing stm32f4xx_hal_pwr.o(i.HAL_PWR_PVDCallback), (2 bytes).
    Removing stm32f4xx_hal_pwr.o(i.HAL_PWR_PVD_IRQHandler), (28 bytes).
    Removing stm32f4xx_hal_pwr_ex.o(.rev16_text), (4 bytes).
    Removing stm32f4xx_hal_pwr_ex.o(.revsh_text), (4 bytes).
    Removing stm32f4xx_hal_pwr_ex.o(.rrx_text), (6 bytes).
    Removing stm32f4xx_hal_pwr_ex.o(i.HAL_PWREx_ControlVoltageScaling), (88 bytes).
    Removing stm32f4xx_hal_pwr_ex.o(i.HAL_PWREx_DisableBkUpReg), (60 bytes).
    Removing stm32f4xx_hal_pwr_ex.o(i.HAL_PWREx_DisableFlashPowerDown), (12 bytes).
    Removing stm32f4xx_hal_pwr_ex.o(i.HAL_PWREx_EnableBkUpReg), (60 bytes).
    Removing stm32f4xx_hal_pwr_ex.o(i.HAL_PWREx_EnableFlashPowerDown), (12 bytes).
    Removing stm32f4xx_hal_pwr_ex.o(i.HAL_PWREx_GetVoltageRange), (16 bytes).
    Removing stm32f4xx_hal_cortex.o(.rev16_text), (4 bytes).
    Removing stm32f4xx_hal_cortex.o(.revsh_text), (4 bytes).
    Removing stm32f4xx_hal_cortex.o(.rrx_text), (6 bytes).
    Removing stm32f4xx_hal_cortex.o(i.HAL_MPU_ConfigRegion), (84 bytes).
    Removing stm32f4xx_hal_cortex.o(i.HAL_MPU_Disable), (28 bytes).
    Removing stm32f4xx_hal_cortex.o(i.HAL_MPU_Enable), (36 bytes).
    Removing stm32f4xx_hal_cortex.o(i.HAL_NVIC_ClearPendingIRQ), (26 bytes).
    Removing stm32f4xx_hal_cortex.o(i.HAL_NVIC_DisableIRQ), (34 bytes).
    Removing stm32f4xx_hal_cortex.o(i.HAL_NVIC_EnableIRQ), (26 bytes).
    Removing stm32f4xx_hal_cortex.o(i.HAL_NVIC_GetActive), (36 bytes).
    Removing stm32f4xx_hal_cortex.o(i.HAL_NVIC_GetPendingIRQ), (36 bytes).
    Removing stm32f4xx_hal_cortex.o(i.HAL_NVIC_GetPriority), (82 bytes).
    Removing stm32f4xx_hal_cortex.o(i.HAL_NVIC_GetPriorityGrouping), (16 bytes).
    Removing stm32f4xx_hal_cortex.o(i.HAL_NVIC_SetPendingIRQ), (26 bytes).
    Removing stm32f4xx_hal_cortex.o(i.HAL_NVIC_SystemReset), (36 bytes).
    Removing stm32f4xx_hal_cortex.o(i.HAL_SYSTICK_CLKSourceConfig), (24 bytes).
    Removing stm32f4xx_hal_cortex.o(i.HAL_SYSTICK_Callback), (2 bytes).
    Removing stm32f4xx_hal_cortex.o(i.HAL_SYSTICK_IRQHandler), (8 bytes).
    Removing stm32f4xx_hal.o(.rev16_text), (4 bytes).
    Removing stm32f4xx_hal.o(.revsh_text), (4 bytes).
    Removing stm32f4xx_hal.o(.rrx_text), (6 bytes).
    Removing stm32f4xx_hal.o(i.HAL_DBGMCU_DisableDBGSleepMode), (16 bytes).
    Removing stm32f4xx_hal.o(i.HAL_DBGMCU_DisableDBGStandbyMode), (16 bytes).
    Removing stm32f4xx_hal.o(i.HAL_DBGMCU_DisableDBGStopMode), (16 bytes).
    Removing stm32f4xx_hal.o(i.HAL_DBGMCU_EnableDBGSleepMode), (16 bytes).
    Removing stm32f4xx_hal.o(i.HAL_DBGMCU_EnableDBGStandbyMode), (16 bytes).
    Removing stm32f4xx_hal.o(i.HAL_DBGMCU_EnableDBGStopMode), (16 bytes).
    Removing stm32f4xx_hal.o(i.HAL_DeInit), (52 bytes).
    Removing stm32f4xx_hal.o(i.HAL_DisableCompensationCell), (12 bytes).
    Removing stm32f4xx_hal.o(i.HAL_EnableCompensationCell), (12 bytes).
    Removing stm32f4xx_hal.o(i.HAL_GetDEVID), (16 bytes).
    Removing stm32f4xx_hal.o(i.HAL_GetHalVersion), (8 bytes).
    Removing stm32f4xx_hal.o(i.HAL_GetREVID), (12 bytes).
    Removing stm32f4xx_hal.o(i.HAL_GetTickFreq), (12 bytes).
    Removing stm32f4xx_hal.o(i.HAL_GetTickPrio), (12 bytes).
    Removing stm32f4xx_hal.o(i.HAL_GetUIDw0), (12 bytes).
    Removing stm32f4xx_hal.o(i.HAL_GetUIDw1), (12 bytes).
    Removing stm32f4xx_hal.o(i.HAL_GetUIDw2), (12 bytes).
    Removing stm32f4xx_hal.o(i.HAL_MspDeInit), (2 bytes).
    Removing stm32f4xx_hal.o(i.HAL_MspInit), (2 bytes).
    Removing stm32f4xx_hal.o(i.HAL_ResumeTick), (14 bytes).
    Removing stm32f4xx_hal.o(i.HAL_SetTickFreq), (36 bytes).
    Removing stm32f4xx_hal.o(i.HAL_SuspendTick), (14 bytes).
    Removing stm32f4xx_hal_exti.o(.rev16_text), (4 bytes).
    Removing stm32f4xx_hal_exti.o(.revsh_text), (4 bytes).
    Removing stm32f4xx_hal_exti.o(.rrx_text), (6 bytes).
    Removing stm32f4xx_hal_exti.o(i.HAL_EXTI_ClearConfigLine), (108 bytes).
    Removing stm32f4xx_hal_exti.o(i.HAL_EXTI_ClearPending), (20 bytes).
    Removing stm32f4xx_hal_exti.o(i.HAL_EXTI_GenerateSWI), (20 bytes).
    Removing stm32f4xx_hal_exti.o(i.HAL_EXTI_GetConfigLine), (156 bytes).
    Removing stm32f4xx_hal_exti.o(i.HAL_EXTI_GetHandle), (12 bytes).
    Removing stm32f4xx_hal_exti.o(i.HAL_EXTI_GetPending), (24 bytes).
    Removing stm32f4xx_hal_exti.o(i.HAL_EXTI_IRQHandler), (36 bytes).
    Removing stm32f4xx_hal_exti.o(i.HAL_EXTI_RegisterCallback), (14 bytes).
    Removing stm32f4xx_hal_exti.o(i.HAL_EXTI_SetConfigLine), (168 bytes).
    Removing stm32f4xx_hal_sram.o(.rev16_text), (4 bytes).
    Removing stm32f4xx_hal_sram.o(.revsh_text), (4 bytes).
    Removing stm32f4xx_hal_sram.o(.rrx_text), (6 bytes).
    Removing stm32f4xx_hal_sram.o(i.HAL_SRAM_DMA_XferCpltCallback), (2 bytes).
    Removing stm32f4xx_hal_sram.o(i.HAL_SRAM_DMA_XferErrorCallback), (2 bytes).
    Removing stm32f4xx_hal_sram.o(i.HAL_SRAM_DeInit), (28 bytes).
    Removing stm32f4xx_hal_sram.o(i.HAL_SRAM_GetState), (6 bytes).
    Removing stm32f4xx_hal_sram.o(i.HAL_SRAM_MspDeInit), (2 bytes).
    Removing stm32f4xx_hal_sram.o(i.HAL_SRAM_MspInit), (2 bytes).
    Removing stm32f4xx_hal_sram.o(i.HAL_SRAM_Read_16b), (54 bytes).
    Removing stm32f4xx_hal_sram.o(i.HAL_SRAM_Read_32b), (50 bytes).
    Removing stm32f4xx_hal_sram.o(i.HAL_SRAM_Read_8b), (54 bytes).
    Removing stm32f4xx_hal_sram.o(i.HAL_SRAM_Read_DMA), (60 bytes).
    Removing stm32f4xx_hal_sram.o(i.HAL_SRAM_WriteOperation_Disable), (48 bytes).
    Removing stm32f4xx_hal_sram.o(i.HAL_SRAM_WriteOperation_Enable), (42 bytes).
    Removing stm32f4xx_hal_sram.o(i.HAL_SRAM_Write_16b), (66 bytes).
    Removing stm32f4xx_hal_sram.o(i.HAL_SRAM_Write_32b), (62 bytes).
    Removing stm32f4xx_hal_sram.o(i.HAL_SRAM_Write_8b), (66 bytes).
    Removing stm32f4xx_hal_sram.o(i.HAL_SRAM_Write_DMA), (80 bytes).
    Removing stm32f4xx_hal_tim.o(.rev16_text), (4 bytes).
    Removing stm32f4xx_hal_tim.o(.revsh_text), (4 bytes).
    Removing stm32f4xx_hal_tim.o(.rrx_text), (6 bytes).
    Removing stm32f4xx_hal_tim_ex.o(.rev16_text), (4 bytes).
    Removing stm32f4xx_hal_tim_ex.o(.revsh_text), (4 bytes).
    Removing stm32f4xx_hal_tim_ex.o(.rrx_text), (6 bytes).
    Removing system_stm32f4xx.o(.rev16_text), (4 bytes).
    Removing system_stm32f4xx.o(.revsh_text), (4 bytes).
    Removing system_stm32f4xx.o(.rrx_text), (6 bytes).
    Removing system_stm32f4xx.o(i.SystemCoreClockUpdate), (124 bytes).
    Removing system_stm32f4xx.o(.constdata), (8 bytes).

265 unused section(s) (total 32832 bytes) removed from the image.

==============================================================================

Image Symbol Table

    Local Symbols

    Symbol Name                              Value     Ov Type        Size  Object(Section)

    ../Core/Src/fsmc.c                       0x00000000   Number         0  fsmc.o ABSOLUTE
    ../Core/Src/gpio.c                       0x00000000   Number         0  gpio.o ABSOLUTE
    ../Core/Src/main.c                       0x00000000   Number         0  main.o ABSOLUTE
    ../Core/Src/stm32f4xx_hal_msp.c          0x00000000   Number         0  stm32f4xx_hal_msp.o ABSOLUTE
    ../Core/Src/stm32f4xx_it.c               0x00000000   Number         0  stm32f4xx_it.o ABSOLUTE
    ../Core/Src/system_stm32f4xx.c           0x00000000   Number         0  system_stm32f4xx.o ABSOLUTE
    ../Drivers/STM32F4xx_HAL_Driver/Src/stm32f4xx_hal.c 0x00000000   Number         0  stm32f4xx_hal.o ABSOLUTE
    ../Drivers/STM32F4xx_HAL_Driver/Src/stm32f4xx_hal_cortex.c 0x00000000   Number         0  stm32f4xx_hal_cortex.o ABSOLUTE
    ../Drivers/STM32F4xx_HAL_Driver/Src/stm32f4xx_hal_dma.c 0x00000000   Number         0  stm32f4xx_hal_dma.o ABSOLUTE
    ../Drivers/STM32F4xx_HAL_Driver/Src/stm32f4xx_hal_dma_ex.c 0x00000000   Number         0  stm32f4xx_hal_dma_ex.o ABSOLUTE
    ../Drivers/STM32F4xx_HAL_Driver/Src/stm32f4xx_hal_exti.c 0x00000000   Number         0  stm32f4xx_hal_exti.o ABSOLUTE
    ../Drivers/STM32F4xx_HAL_Driver/Src/stm32f4xx_hal_flash.c 0x00000000   Number         0  stm32f4xx_hal_flash.o ABSOLUTE
    ../Drivers/STM32F4xx_HAL_Driver/Src/stm32f4xx_hal_flash_ex.c 0x00000000   Number         0  stm32f4xx_hal_flash_ex.o ABSOLUTE
    ../Drivers/STM32F4xx_HAL_Driver/Src/stm32f4xx_hal_flash_ramfunc.c 0x00000000   Number         0  stm32f4xx_hal_flash_ramfunc.o ABSOLUTE
    ../Drivers/STM32F4xx_HAL_Driver/Src/stm32f4xx_hal_gpio.c 0x00000000   Number         0  stm32f4xx_hal_gpio.o ABSOLUTE
    ../Drivers/STM32F4xx_HAL_Driver/Src/stm32f4xx_hal_pwr.c 0x00000000   Number         0  stm32f4xx_hal_pwr.o ABSOLUTE
    ../Drivers/STM32F4xx_HAL_Driver/Src/stm32f4xx_hal_pwr_ex.c 0x00000000   Number         0  stm32f4xx_hal_pwr_ex.o ABSOLUTE
    ../Drivers/STM32F4xx_HAL_Driver/Src/stm32f4xx_hal_rcc.c 0x00000000   Number         0  stm32f4xx_hal_rcc.o ABSOLUTE
    ../Drivers/STM32F4xx_HAL_Driver/Src/stm32f4xx_hal_rcc_ex.c 0x00000000   Number         0  stm32f4xx_hal_rcc_ex.o ABSOLUTE
    ../Drivers/STM32F4xx_HAL_Driver/Src/stm32f4xx_hal_sram.c 0x00000000   Number         0  stm32f4xx_hal_sram.o ABSOLUTE
    ../Drivers/STM32F4xx_HAL_Driver/Src/stm32f4xx_hal_tim.c 0x00000000   Number         0  stm32f4xx_hal_tim.o ABSOLUTE
    ../Drivers/STM32F4xx_HAL_Driver/Src/stm32f4xx_hal_tim_ex.c 0x00000000   Number         0  stm32f4xx_hal_tim_ex.o ABSOLUTE
    ../Drivers/STM32F4xx_HAL_Driver/Src/stm32f4xx_ll_fsmc.c 0x00000000   Number         0  stm32f4xx_ll_fsmc.o ABSOLUTE
    ../clib/microlib/division.c              0x00000000   Number         0  uldiv.o ABSOLUTE
    ../clib/microlib/init/entry.s            0x00000000   Number         0  entry10a.o ABSOLUTE
    ../clib/microlib/init/entry.s            0x00000000   Number         0  entry11b.o ABSOLUTE
    ../clib/microlib/init/entry.s            0x00000000   Number         0  entry11a.o ABSOLUTE
    ../clib/microlib/init/entry.s            0x00000000   Number         0  entry10b.o ABSOLUTE
    ../clib/microlib/init/entry.s            0x00000000   Number         0  entry9a.o ABSOLUTE
    ../clib/microlib/init/entry.s            0x00000000   Number         0  entry8b.o ABSOLUTE
    ../clib/microlib/init/entry.s            0x00000000   Number         0  entry8a.o ABSOLUTE
    ../clib/microlib/init/entry.s            0x00000000   Number         0  entry7a.o ABSOLUTE
    ../clib/microlib/init/entry.s            0x00000000   Number         0  entry5.o ABSOLUTE
    ../clib/microlib/init/entry.s            0x00000000   Number         0  entry2.o ABSOLUTE
    ../clib/microlib/init/entry.s            0x00000000   Number         0  entry9b.o ABSOLUTE
    ../clib/microlib/init/entry.s            0x00000000   Number         0  entry7b.o ABSOLUTE
    ../clib/microlib/init/entry.s            0x00000000   Number         0  entry.o ABSOLUTE
    ../clib/microlib/longlong.c              0x00000000   Number         0  llushr.o ABSOLUTE
    ../clib/microlib/longlong.c              0x00000000   Number         0  llshl.o ABSOLUTE
    ../clib/microlib/string/memset.c         0x00000000   Number         0  memseta.o ABSOLUTE
    ../clib/microlib/stubs.s                 0x00000000   Number         0  iusefp.o ABSOLUTE
    ../fplib/microlib/fpepilogue.c           0x00000000   Number         0  depilogue.o ABSOLUTE
    ../fplib/microlib/fpfix.c                0x00000000   Number         0  dfixui.o ABSOLUTE
    ../fplib/microlib/fpflt.c                0x00000000   Number         0  dfltui.o ABSOLUTE
    ../fplib/microlib/fpmul.c                0x00000000   Number         0  dmul.o ABSOLUTE
    ..\Core\Src\fsmc.c                       0x00000000   Number         0  fsmc.o ABSOLUTE
    ..\Core\Src\gpio.c                       0x00000000   Number         0  gpio.o ABSOLUTE
    ..\Core\Src\main.c                       0x00000000   Number         0  main.o ABSOLUTE
    ..\Core\Src\stm32f4xx_hal_msp.c          0x00000000   Number         0  stm32f4xx_hal_msp.o ABSOLUTE
    ..\Core\Src\stm32f4xx_it.c               0x00000000   Number         0  stm32f4xx_it.o ABSOLUTE
    ..\Core\Src\system_stm32f4xx.c           0x00000000   Number         0  system_stm32f4xx.o ABSOLUTE
    ..\Drivers\LCD\ILI93xx.c                 0x00000000   Number         0  ili93xx.o ABSOLUTE
    ..\Drivers\STM32F4xx_HAL_Driver\Src\stm32f4xx_hal.c 0x00000000   Number         0  stm32f4xx_hal.o ABSOLUTE
    ..\Drivers\STM32F4xx_HAL_Driver\Src\stm32f4xx_hal_cortex.c 0x00000000   Number         0  stm32f4xx_hal_cortex.o ABSOLUTE
    ..\Drivers\STM32F4xx_HAL_Driver\Src\stm32f4xx_hal_dma.c 0x00000000   Number         0  stm32f4xx_hal_dma.o ABSOLUTE
    ..\Drivers\STM32F4xx_HAL_Driver\Src\stm32f4xx_hal_dma_ex.c 0x00000000   Number         0  stm32f4xx_hal_dma_ex.o ABSOLUTE
    ..\Drivers\STM32F4xx_HAL_Driver\Src\stm32f4xx_hal_exti.c 0x00000000   Number         0  stm32f4xx_hal_exti.o ABSOLUTE
    ..\Drivers\STM32F4xx_HAL_Driver\Src\stm32f4xx_hal_flash.c 0x00000000   Number         0  stm32f4xx_hal_flash.o ABSOLUTE
    ..\Drivers\STM32F4xx_HAL_Driver\Src\stm32f4xx_hal_flash_ex.c 0x00000000   Number         0  stm32f4xx_hal_flash_ex.o ABSOLUTE
    ..\Drivers\STM32F4xx_HAL_Driver\Src\stm32f4xx_hal_flash_ramfunc.c 0x00000000   Number         0  stm32f4xx_hal_flash_ramfunc.o ABSOLUTE
    ..\Drivers\STM32F4xx_HAL_Driver\Src\stm32f4xx_hal_gpio.c 0x00000000   Number         0  stm32f4xx_hal_gpio.o ABSOLUTE
    ..\Drivers\STM32F4xx_HAL_Driver\Src\stm32f4xx_hal_pwr.c 0x00000000   Number         0  stm32f4xx_hal_pwr.o ABSOLUTE
    ..\Drivers\STM32F4xx_HAL_Driver\Src\stm32f4xx_hal_pwr_ex.c 0x00000000   Number         0  stm32f4xx_hal_pwr_ex.o ABSOLUTE
    ..\Drivers\STM32F4xx_HAL_Driver\Src\stm32f4xx_hal_rcc.c 0x00000000   Number         0  stm32f4xx_hal_rcc.o ABSOLUTE
    ..\Drivers\STM32F4xx_HAL_Driver\Src\stm32f4xx_hal_rcc_ex.c 0x00000000   Number         0  stm32f4xx_hal_rcc_ex.o ABSOLUTE
    ..\Drivers\STM32F4xx_HAL_Driver\Src\stm32f4xx_hal_sram.c 0x00000000   Number         0  stm32f4xx_hal_sram.o ABSOLUTE
    ..\Drivers\STM32F4xx_HAL_Driver\Src\stm32f4xx_hal_tim.c 0x00000000   Number         0  stm32f4xx_hal_tim.o ABSOLUTE
    ..\Drivers\STM32F4xx_HAL_Driver\Src\stm32f4xx_hal_tim_ex.c 0x00000000   Number         0  stm32f4xx_hal_tim_ex.o ABSOLUTE
    ..\Drivers\STM32F4xx_HAL_Driver\Src\stm32f4xx_ll_fsmc.c 0x00000000   Number         0  stm32f4xx_ll_fsmc.o ABSOLUTE
    ..\\Drivers\\LCD\\ILI93xx.c              0x00000000   Number         0  ili93xx.o ABSOLUTE
    dc.s                                     0x00000000   Number         0  dc.o ABSOLUTE
    handlers.s                               0x00000000   Number         0  handlers.o ABSOLUTE
    init.s                                   0x00000000   Number         0  init.o ABSOLUTE
    startup_stm32f407xx.s                    0x00000000   Number         0  startup_stm32f407xx.o ABSOLUTE
    RESET                                    0x08000000   Section      392  startup_stm32f407xx.o(RESET)
    .ARM.Collect$$$$00000000                 0x08000188   Section        0  entry.o(.ARM.Collect$$$$00000000)
    .ARM.Collect$$$$00000001                 0x08000188   Section        4  entry2.o(.ARM.Collect$$$$00000001)
    .ARM.Collect$$$$00000004                 0x0800018c   Section        4  entry5.o(.ARM.Collect$$$$00000004)
    .ARM.Collect$$$$00000008                 0x08000190   Section        0  entry7b.o(.ARM.Collect$$$$00000008)
    .ARM.Collect$$$$0000000A                 0x08000190   Section        0  entry8b.o(.ARM.Collect$$$$0000000A)
    .ARM.Collect$$$$0000000B                 0x08000190   Section        8  entry9a.o(.ARM.Collect$$$$0000000B)
    .ARM.Collect$$$$0000000D                 0x08000198   Section        0  entry10a.o(.ARM.Collect$$$$0000000D)
    .ARM.Collect$$$$0000000F                 0x08000198   Section        0  entry11a.o(.ARM.Collect$$$$0000000F)
    .ARM.Collect$$$$00002712                 0x08000198   Section        4  entry2.o(.ARM.Collect$$$$00002712)
    __lit__00000000                          0x08000198   Data           4  entry2.o(.ARM.Collect$$$$00002712)
    .text                                    0x0800019c   Section       36  startup_stm32f407xx.o(.text)
    $v0                                      0x0800019c   Number         0  startup_stm32f407xx.o(.text)
    .text                                    0x080001c0   Section        0  uldiv.o(.text)
    .text                                    0x08000222   Section        0  memseta.o(.text)
    .text                                    0x08000246   Section        0  dmul.o(.text)
    .text                                    0x0800032a   Section        0  dfltui.o(.text)
    .text                                    0x08000344   Section        0  dfixui.o(.text)
    .text                                    0x08000376   Section        0  llshl.o(.text)
    .text                                    0x08000394   Section        0  llushr.o(.text)
    .text                                    0x080003b4   Section        0  iusefp.o(.text)
    .text                                    0x080003b4   Section        0  depilogue.o(.text)
    .text                                    0x08000470   Section       36  init.o(.text)
    i.BusFault_Handler                       0x08000494   Section        0  stm32f4xx_it.o(i.BusFault_Handler)
    i.DebugMon_Handler                       0x08000496   Section        0  stm32f4xx_it.o(i.DebugMon_Handler)
    i.Error_Handler                          0x08000498   Section        0  main.o(i.Error_Handler)
    i.FSMC_NORSRAM_Extended_Timing_Init      0x0800049c   Section        0  stm32f4xx_ll_fsmc.o(i.FSMC_NORSRAM_Extended_Timing_Init)
    i.FSMC_NORSRAM_Init                      0x080004dc   Section        0  stm32f4xx_ll_fsmc.o(i.FSMC_NORSRAM_Init)
    i.FSMC_NORSRAM_Timing_Init               0x08000530   Section        0  stm32f4xx_ll_fsmc.o(i.FSMC_NORSRAM_Timing_Init)
    i.HAL_Delay                              0x08000574   Section        0  stm32f4xx_hal.o(i.HAL_Delay)
    i.HAL_FSMC_MspInit                       0x08000598   Section        0  fsmc.o(i.HAL_FSMC_MspInit)
    HAL_FSMC_MspInit                         0x08000599   Thumb Code   144  fsmc.o(i.HAL_FSMC_MspInit)
    i.HAL_GPIO_Init                          0x08000640   Section        0  stm32f4xx_hal_gpio.o(i.HAL_GPIO_Init)
    i.HAL_GPIO_WritePin                      0x080007f8   Section        0  stm32f4xx_hal_gpio.o(i.HAL_GPIO_WritePin)
    i.HAL_GetTick                            0x08000804   Section        0  stm32f4xx_hal.o(i.HAL_GetTick)
    i.HAL_IncTick                            0x08000810   Section        0  stm32f4xx_hal.o(i.HAL_IncTick)
    i.HAL_Init                               0x08000820   Section        0  stm32f4xx_hal.o(i.HAL_Init)
    i.HAL_InitTick                           0x08000854   Section        0  stm32f4xx_hal.o(i.HAL_InitTick)
    i.HAL_MspInit                            0x08000894   Section        0  stm32f4xx_hal_msp.o(i.HAL_MspInit)
    i.HAL_NVIC_SetPriority                   0x080008c4   Section        0  stm32f4xx_hal_cortex.o(i.HAL_NVIC_SetPriority)
    i.HAL_NVIC_SetPriorityGrouping           0x08000904   Section        0  stm32f4xx_hal_cortex.o(i.HAL_NVIC_SetPriorityGrouping)
    i.HAL_RCC_ClockConfig                    0x08000928   Section        0  stm32f4xx_hal_rcc.o(i.HAL_RCC_ClockConfig)
    i.HAL_RCC_GetSysClockFreq                0x08000a5c   Section        0  stm32f4xx_hal_rcc.o(i.HAL_RCC_GetSysClockFreq)
    i.HAL_RCC_OscConfig                      0x08000ac0   Section        0  stm32f4xx_hal_rcc.o(i.HAL_RCC_OscConfig)
    i.HAL_SRAM_Init                          0x08000e1c   Section        0  stm32f4xx_hal_sram.o(i.HAL_SRAM_Init)
    i.HAL_SRAM_MspInit                       0x08000e72   Section        0  fsmc.o(i.HAL_SRAM_MspInit)
    i.HAL_SYSTICK_Config                     0x08000e76   Section        0  stm32f4xx_hal_cortex.o(i.HAL_SYSTICK_Config)
    i.HardFault_Handler                      0x08000e9e   Section        0  stm32f4xx_it.o(i.HardFault_Handler)
    i.LCD_Clear                              0x08000ea0   Section        0  ili93xx.o(i.LCD_Clear)
    i.LCD_Display_Dir                        0x08000ed4   Section        0  ili93xx.o(i.LCD_Display_Dir)
    i.LCD_DrawPoint                          0x08000fac   Section        0  ili93xx.o(i.LCD_DrawPoint)
    i.LCD_RD_DATA                            0x08000fc8   Section        0  ili93xx.o(i.LCD_RD_DATA)
    i.LCD_SSD_BackLightSet                   0x08000fdc   Section        0  ili93xx.o(i.LCD_SSD_BackLightSet)
    i.LCD_Scan_Dir                           0x0800102c   Section        0  ili93xx.o(i.LCD_Scan_Dir)
    i.LCD_SetCursor                          0x080011e4   Section        0  ili93xx.o(i.LCD_SetCursor)
    i.LCD_WR_DATA                            0x080012e8   Section        0  ili93xx.o(i.LCD_WR_DATA)
    i.LCD_WR_REG                             0x08001300   Section        0  ili93xx.o(i.LCD_WR_REG)
    i.LCD_WriteRAM_Prepare                   0x08001318   Section        0  ili93xx.o(i.LCD_WriteRAM_Prepare)
    i.LCD_WriteReg                           0x0800132c   Section        0  ili93xx.o(i.LCD_WriteReg)
    i.MX_FSMC_Init                           0x08001338   Section        0  fsmc.o(i.MX_FSMC_Init)
    i.MX_GPIO_Init                           0x080013a8   Section        0  gpio.o(i.MX_GPIO_Init)
    i.MemManage_Handler                      0x08001448   Section        0  stm32f4xx_it.o(i.MemManage_Handler)
    i.NMI_Handler                            0x0800144a   Section        0  stm32f4xx_it.o(i.NMI_Handler)
    i.PendSV_Handler                         0x0800144c   Section        0  stm32f4xx_it.o(i.PendSV_Handler)
    i.SVC_Handler                            0x0800144e   Section        0  stm32f4xx_it.o(i.SVC_Handler)
    i.SysTick_Handler                        0x08001450   Section        0  stm32f4xx_it.o(i.SysTick_Handler)
    i.SystemClock_Config                     0x08001454   Section        0  main.o(i.SystemClock_Config)
    i.SystemInit                             0x080014c4   Section        0  system_stm32f4xx.o(i.SystemInit)
    i.TFTLCD_Init                            0x080014e0   Section        0  ili93xx.o(i.TFTLCD_Init)
    i.UsageFault_Handler                     0x080037e4   Section        0  stm32f4xx_it.o(i.UsageFault_Handler)
    i.__NVIC_SetPriority                     0x080037e6   Section        0  stm32f4xx_hal_cortex.o(i.__NVIC_SetPriority)
    __NVIC_SetPriority                       0x080037e7   Thumb Code    32  stm32f4xx_hal_cortex.o(i.__NVIC_SetPriority)
    i.__scatterload_copy                     0x08003806   Section       14  handlers.o(i.__scatterload_copy)
    i.__scatterload_null                     0x08003814   Section        2  handlers.o(i.__scatterload_null)
    i.__scatterload_zeroinit                 0x08003816   Section       14  handlers.o(i.__scatterload_zeroinit)
    i.main                                   0x08003824   Section        0  main.o(i.main)
    .constdata                               0x080038b8   Section     2048  main.o(.constdata)
    .constdata                               0x080040b8   Section       16  system_stm32f4xx.o(.constdata)
    .data                                    0x20000000   Section        8  fsmc.o(.data)
    FSMC_Initialized                         0x20000000   Data           4  fsmc.o(.data)
    FSMC_DeInitialized                       0x20000004   Data           4  fsmc.o(.data)
    .data                                    0x20000008   Section        8  ili93xx.o(.data)
    .data                                    0x20000010   Section       12  stm32f4xx_hal.o(.data)
    .data                                    0x2000001c   Section        4  system_stm32f4xx.o(.data)
    .bss                                     0x20000020   Section       80  fsmc.o(.bss)
    .bss                                     0x20000070   Section       14  ili93xx.o(.bss)
    STACK                                    0x20000080   Section     1024  startup_stm32f407xx.o(STACK)

    Global Symbols

    Symbol Name                              Value     Ov Type        Size  Object(Section)

    BuildAttributes$$THM_ISAv4$E$P$D$K$B$S$7EM$VFPi3$EXTD16$VFPS$VFMA$PE$A:L22UL41UL21$X:L11$S22US41US21$IEEE1$IW$USESV6$~STKCKD$USESV7$~SHL$OSPACE$ROPI$EBA8$MICROLIB$REQ8$PRES8$EABIv2 0x00000000   Number         0  anon$$obj.o ABSOLUTE
    __ARM_use_no_argv                        0x00000000   Number         0  main.o ABSOLUTE
    __cpp_initialize__aeabi_                  - Undefined Weak Reference
    __cxa_finalize                            - Undefined Weak Reference
    __decompress                              - Undefined Weak Reference
    _clock_init                               - Undefined Weak Reference
    _microlib_exit                            - Undefined Weak Reference
    __Vectors_Size                           0x00000188   Number         0  startup_stm32f407xx.o ABSOLUTE
    __Vectors                                0x08000000   Data           4  startup_stm32f407xx.o(RESET)
    __Vectors_End                            0x08000188   Data           0  startup_stm32f407xx.o(RESET)
    __main                                   0x08000189   Thumb Code     0  entry.o(.ARM.Collect$$$$00000000)
    _main_stk                                0x08000189   Thumb Code     0  entry2.o(.ARM.Collect$$$$00000001)
    _main_scatterload                        0x0800018d   Thumb Code     0  entry5.o(.ARM.Collect$$$$00000004)
    __main_after_scatterload                 0x08000191   Thumb Code     0  entry5.o(.ARM.Collect$$$$00000004)
    _main_clock                              0x08000191   Thumb Code     0  entry7b.o(.ARM.Collect$$$$00000008)
    _main_cpp_init                           0x08000191   Thumb Code     0  entry8b.o(.ARM.Collect$$$$0000000A)
    _main_init                               0x08000191   Thumb Code     0  entry9a.o(.ARM.Collect$$$$0000000B)
    __rt_final_cpp                           0x08000199   Thumb Code     0  entry10a.o(.ARM.Collect$$$$0000000D)
    __rt_final_exit                          0x08000199   Thumb Code     0  entry11a.o(.ARM.Collect$$$$0000000F)
    Reset_Handler                            0x0800019d   Thumb Code     8  startup_stm32f407xx.o(.text)
    ADC_IRQHandler                           0x080001b7   Thumb Code     0  startup_stm32f407xx.o(.text)
    CAN1_RX0_IRQHandler                      0x080001b7   Thumb Code     0  startup_stm32f407xx.o(.text)
    CAN1_RX1_IRQHandler                      0x080001b7   Thumb Code     0  startup_stm32f407xx.o(.text)
    CAN1_SCE_IRQHandler                      0x080001b7   Thumb Code     0  startup_stm32f407xx.o(.text)
    CAN1_TX_IRQHandler                       0x080001b7   Thumb Code     0  startup_stm32f407xx.o(.text)
    CAN2_RX0_IRQHandler                      0x080001b7   Thumb Code     0  startup_stm32f407xx.o(.text)
    CAN2_RX1_IRQHandler                      0x080001b7   Thumb Code     0  startup_stm32f407xx.o(.text)
    CAN2_SCE_IRQHandler                      0x080001b7   Thumb Code     0  startup_stm32f407xx.o(.text)
    CAN2_TX_IRQHandler                       0x080001b7   Thumb Code     0  startup_stm32f407xx.o(.text)
    DCMI_IRQHandler                          0x080001b7   Thumb Code     0  startup_stm32f407xx.o(.text)
    DMA1_Stream0_IRQHandler                  0x080001b7   Thumb Code     0  startup_stm32f407xx.o(.text)
    DMA1_Stream1_IRQHandler                  0x080001b7   Thumb Code     0  startup_stm32f407xx.o(.text)
    DMA1_Stream2_IRQHandler                  0x080001b7   Thumb Code     0  startup_stm32f407xx.o(.text)
    DMA1_Stream3_IRQHandler                  0x080001b7   Thumb Code     0  startup_stm32f407xx.o(.text)
    DMA1_Stream4_IRQHandler                  0x080001b7   Thumb Code     0  startup_stm32f407xx.o(.text)
    DMA1_Stream5_IRQHandler                  0x080001b7   Thumb Code     0  startup_stm32f407xx.o(.text)
    DMA1_Stream6_IRQHandler                  0x080001b7   Thumb Code     0  startup_stm32f407xx.o(.text)
    DMA1_Stream7_IRQHandler                  0x080001b7   Thumb Code     0  startup_stm32f407xx.o(.text)
    DMA2_Stream0_IRQHandler                  0x080001b7   Thumb Code     0  startup_stm32f407xx.o(.text)
    DMA2_Stream1_IRQHandler                  0x080001b7   Thumb Code     0  startup_stm32f407xx.o(.text)
    DMA2_Stream2_IRQHandler                  0x080001b7   Thumb Code     0  startup_stm32f407xx.o(.text)
    DMA2_Stream3_IRQHandler                  0x080001b7   Thumb Code     0  startup_stm32f407xx.o(.text)
    DMA2_Stream4_IRQHandler                  0x080001b7   Thumb Code     0  startup_stm32f407xx.o(.text)
    DMA2_Stream5_IRQHandler                  0x080001b7   Thumb Code     0  startup_stm32f407xx.o(.text)
    DMA2_Stream6_IRQHandler                  0x080001b7   Thumb Code     0  startup_stm32f407xx.o(.text)
    DMA2_Stream7_IRQHandler                  0x080001b7   Thumb Code     0  startup_stm32f407xx.o(.text)
    ETH_IRQHandler                           0x080001b7   Thumb Code     0  startup_stm32f407xx.o(.text)
    ETH_WKUP_IRQHandler                      0x080001b7   Thumb Code     0  startup_stm32f407xx.o(.text)
    EXTI0_IRQHandler                         0x080001b7   Thumb Code     0  startup_stm32f407xx.o(.text)
    EXTI15_10_IRQHandler                     0x080001b7   Thumb Code     0  startup_stm32f407xx.o(.text)
    EXTI1_IRQHandler                         0x080001b7   Thumb Code     0  startup_stm32f407xx.o(.text)
    EXTI2_IRQHandler                         0x080001b7   Thumb Code     0  startup_stm32f407xx.o(.text)
    EXTI3_IRQHandler                         0x080001b7   Thumb Code     0  startup_stm32f407xx.o(.text)
    EXTI4_IRQHandler                         0x080001b7   Thumb Code     0  startup_stm32f407xx.o(.text)
    EXTI9_5_IRQHandler                       0x080001b7   Thumb Code     0  startup_stm32f407xx.o(.text)
    FLASH_IRQHandler                         0x080001b7   Thumb Code     0  startup_stm32f407xx.o(.text)
    FMC_IRQHandler                           0x080001b7   Thumb Code     0  startup_stm32f407xx.o(.text)
    FPU_IRQHandler                           0x080001b7   Thumb Code     0  startup_stm32f407xx.o(.text)
    HASH_RNG_IRQHandler                      0x080001b7   Thumb Code     0  startup_stm32f407xx.o(.text)
    I2C1_ER_IRQHandler                       0x080001b7   Thumb Code     0  startup_stm32f407xx.o(.text)
    I2C1_EV_IRQHandler                       0x080001b7   Thumb Code     0  startup_stm32f407xx.o(.text)
    I2C2_ER_IRQHandler                       0x080001b7   Thumb Code     0  startup_stm32f407xx.o(.text)
    I2C2_EV_IRQHandler                       0x080001b7   Thumb Code     0  startup_stm32f407xx.o(.text)
    I2C3_ER_IRQHandler                       0x080001b7   Thumb Code     0  startup_stm32f407xx.o(.text)
    I2C3_EV_IRQHandler                       0x080001b7   Thumb Code     0  startup_stm32f407xx.o(.text)
    OTG_FS_IRQHandler                        0x080001b7   Thumb Code     0  startup_stm32f407xx.o(.text)
    OTG_FS_WKUP_IRQHandler                   0x080001b7   Thumb Code     0  startup_stm32f407xx.o(.text)
    OTG_HS_EP1_IN_IRQHandler                 0x080001b7   Thumb Code     0  startup_stm32f407xx.o(.text)
    OTG_HS_EP1_OUT_IRQHandler                0x080001b7   Thumb Code     0  startup_stm32f407xx.o(.text)
    OTG_HS_IRQHandler                        0x080001b7   Thumb Code     0  startup_stm32f407xx.o(.text)
    OTG_HS_WKUP_IRQHandler                   0x080001b7   Thumb Code     0  startup_stm32f407xx.o(.text)
    PVD_IRQHandler                           0x080001b7   Thumb Code     0  startup_stm32f407xx.o(.text)
    RCC_IRQHandler                           0x080001b7   Thumb Code     0  startup_stm32f407xx.o(.text)
    RTC_Alarm_IRQHandler                     0x080001b7   Thumb Code     0  startup_stm32f407xx.o(.text)
    RTC_WKUP_IRQHandler                      0x080001b7   Thumb Code     0  startup_stm32f407xx.o(.text)
    SDIO_IRQHandler                          0x080001b7   Thumb Code     0  startup_stm32f407xx.o(.text)
    SPI1_IRQHandler                          0x080001b7   Thumb Code     0  startup_stm32f407xx.o(.text)
    SPI2_IRQHandler                          0x080001b7   Thumb Code     0  startup_stm32f407xx.o(.text)
    SPI3_IRQHandler                          0x080001b7   Thumb Code     0  startup_stm32f407xx.o(.text)
    TAMP_STAMP_IRQHandler                    0x080001b7   Thumb Code     0  startup_stm32f407xx.o(.text)
    TIM1_BRK_TIM9_IRQHandler                 0x080001b7   Thumb Code     0  startup_stm32f407xx.o(.text)
    TIM1_CC_IRQHandler                       0x080001b7   Thumb Code     0  startup_stm32f407xx.o(.text)
    TIM1_TRG_COM_TIM11_IRQHandler            0x080001b7   Thumb Code     0  startup_stm32f407xx.o(.text)
    TIM1_UP_TIM10_IRQHandler                 0x080001b7   Thumb Code     0  startup_stm32f407xx.o(.text)
    TIM2_IRQHandler                          0x080001b7   Thumb Code     0  startup_stm32f407xx.o(.text)
    TIM3_IRQHandler                          0x080001b7   Thumb Code     0  startup_stm32f407xx.o(.text)
    TIM4_IRQHandler                          0x080001b7   Thumb Code     0  startup_stm32f407xx.o(.text)
    TIM5_IRQHandler                          0x080001b7   Thumb Code     0  startup_stm32f407xx.o(.text)
    TIM6_DAC_IRQHandler                      0x080001b7   Thumb Code     0  startup_stm32f407xx.o(.text)
    TIM7_IRQHandler                          0x080001b7   Thumb Code     0  startup_stm32f407xx.o(.text)
    TIM8_BRK_TIM12_IRQHandler                0x080001b7   Thumb Code     0  startup_stm32f407xx.o(.text)
    TIM8_CC_IRQHandler                       0x080001b7   Thumb Code     0  startup_stm32f407xx.o(.text)
    TIM8_TRG_COM_TIM14_IRQHandler            0x080001b7   Thumb Code     0  startup_stm32f407xx.o(.text)
    TIM8_UP_TIM13_IRQHandler                 0x080001b7   Thumb Code     0  startup_stm32f407xx.o(.text)
    UART4_IRQHandler                         0x080001b7   Thumb Code     0  startup_stm32f407xx.o(.text)
    UART5_IRQHandler                         0x080001b7   Thumb Code     0  startup_stm32f407xx.o(.text)
    USART1_IRQHandler                        0x080001b7   Thumb Code     0  startup_stm32f407xx.o(.text)
    USART2_IRQHandler                        0x080001b7   Thumb Code     0  startup_stm32f407xx.o(.text)
    USART3_IRQHandler                        0x080001b7   Thumb Code     0  startup_stm32f407xx.o(.text)
    USART6_IRQHandler                        0x080001b7   Thumb Code     0  startup_stm32f407xx.o(.text)
    WWDG_IRQHandler                          0x080001b7   Thumb Code     0  startup_stm32f407xx.o(.text)
    __aeabi_uldivmod                         0x080001c1   Thumb Code    98  uldiv.o(.text)
    __aeabi_memset                           0x08000223   Thumb Code    14  memseta.o(.text)
    __aeabi_memset4                          0x08000223   Thumb Code     0  memseta.o(.text)
    __aeabi_memset8                          0x08000223   Thumb Code     0  memseta.o(.text)
    __aeabi_memclr                           0x08000231   Thumb Code     4  memseta.o(.text)
    __aeabi_memclr4                          0x08000231   Thumb Code     0  memseta.o(.text)
    __aeabi_memclr8                          0x08000231   Thumb Code     0  memseta.o(.text)
    _memset$wrapper                          0x08000235   Thumb Code    18  memseta.o(.text)
    __aeabi_dmul                             0x08000247   Thumb Code   228  dmul.o(.text)
    __aeabi_ui2d                             0x0800032b   Thumb Code    26  dfltui.o(.text)
    __aeabi_d2uiz                            0x08000345   Thumb Code    50  dfixui.o(.text)
    __aeabi_llsl                             0x08000377   Thumb Code    30  llshl.o(.text)
    _ll_shift_l                              0x08000377   Thumb Code     0  llshl.o(.text)
    __aeabi_llsr                             0x08000395   Thumb Code    32  llushr.o(.text)
    _ll_ushift_r                             0x08000395   Thumb Code     0  llushr.o(.text)
    __I$use$fp                               0x080003b5   Thumb Code     0  iusefp.o(.text)
    _double_round                            0x080003b5   Thumb Code    30  depilogue.o(.text)
    _double_epilogue                         0x080003d3   Thumb Code   156  depilogue.o(.text)
    __scatterload                            0x08000471   Thumb Code    28  init.o(.text)
    __scatterload_rt2                        0x08000471   Thumb Code     0  init.o(.text)
    BusFault_Handler                         0x08000495   Thumb Code     2  stm32f4xx_it.o(i.BusFault_Handler)
    DebugMon_Handler                         0x08000497   Thumb Code     2  stm32f4xx_it.o(i.DebugMon_Handler)
    Error_Handler                            0x08000499   Thumb Code     2  main.o(i.Error_Handler)
    FSMC_NORSRAM_Extended_Timing_Init        0x0800049d   Thumb Code    60  stm32f4xx_ll_fsmc.o(i.FSMC_NORSRAM_Extended_Timing_Init)
    FSMC_NORSRAM_Init                        0x080004dd   Thumb Code    80  stm32f4xx_ll_fsmc.o(i.FSMC_NORSRAM_Init)
    FSMC_NORSRAM_Timing_Init                 0x08000531   Thumb Code    64  stm32f4xx_ll_fsmc.o(i.FSMC_NORSRAM_Timing_Init)
    HAL_Delay                                0x08000575   Thumb Code    32  stm32f4xx_hal.o(i.HAL_Delay)
    HAL_GPIO_Init                            0x08000641   Thumb Code   394  stm32f4xx_hal_gpio.o(i.HAL_GPIO_Init)
    HAL_GPIO_WritePin                        0x080007f9   Thumb Code    10  stm32f4xx_hal_gpio.o(i.HAL_GPIO_WritePin)
    HAL_GetTick                              0x08000805   Thumb Code     6  stm32f4xx_hal.o(i.HAL_GetTick)
    HAL_IncTick                              0x08000811   Thumb Code    12  stm32f4xx_hal.o(i.HAL_IncTick)
    HAL_Init                                 0x08000821   Thumb Code    48  stm32f4xx_hal.o(i.HAL_Init)
    HAL_InitTick                             0x08000855   Thumb Code    54  stm32f4xx_hal.o(i.HAL_InitTick)
    HAL_MspInit                              0x08000895   Thumb Code    42  stm32f4xx_hal_msp.o(i.HAL_MspInit)
    HAL_NVIC_SetPriority                     0x080008c5   Thumb Code    60  stm32f4xx_hal_cortex.o(i.HAL_NVIC_SetPriority)
    HAL_NVIC_SetPriorityGrouping             0x08000905   Thumb Code    26  stm32f4xx_hal_cortex.o(i.HAL_NVIC_SetPriorityGrouping)
    HAL_RCC_ClockConfig                      0x08000929   Thumb Code   288  stm32f4xx_hal_rcc.o(i.HAL_RCC_ClockConfig)
    HAL_RCC_GetSysClockFreq                  0x08000a5d   Thumb Code    88  stm32f4xx_hal_rcc.o(i.HAL_RCC_GetSysClockFreq)
    HAL_RCC_OscConfig                        0x08000ac1   Thumb Code   840  stm32f4xx_hal_rcc.o(i.HAL_RCC_OscConfig)
    HAL_SRAM_Init                            0x08000e1d   Thumb Code    86  stm32f4xx_hal_sram.o(i.HAL_SRAM_Init)
    HAL_SRAM_MspInit                         0x08000e73   Thumb Code     4  fsmc.o(i.HAL_SRAM_MspInit)
    HAL_SYSTICK_Config                       0x08000e77   Thumb Code    40  stm32f4xx_hal_cortex.o(i.HAL_SYSTICK_Config)
    HardFault_Handler                        0x08000e9f   Thumb Code     2  stm32f4xx_it.o(i.HardFault_Handler)
    LCD_Clear                                0x08000ea1   Thumb Code    48  ili93xx.o(i.LCD_Clear)
    LCD_Display_Dir                          0x08000ed5   Thumb Code   212  ili93xx.o(i.LCD_Display_Dir)
    LCD_DrawPoint                            0x08000fad   Thumb Code    24  ili93xx.o(i.LCD_DrawPoint)
    LCD_RD_DATA                              0x08000fc9   Thumb Code    20  ili93xx.o(i.LCD_RD_DATA)
    LCD_SSD_BackLightSet                     0x08000fdd   Thumb Code    72  ili93xx.o(i.LCD_SSD_BackLightSet)
    LCD_Scan_Dir                             0x0800102d   Thumb Code   434  ili93xx.o(i.LCD_Scan_Dir)
    LCD_SetCursor                            0x080011e5   Thumb Code   254  ili93xx.o(i.LCD_SetCursor)
    LCD_WR_DATA                              0x080012e9   Thumb Code    24  ili93xx.o(i.LCD_WR_DATA)
    LCD_WR_REG                               0x08001301   Thumb Code    24  ili93xx.o(i.LCD_WR_REG)
    LCD_WriteRAM_Prepare                     0x08001319   Thumb Code    14  ili93xx.o(i.LCD_WriteRAM_Prepare)
    LCD_WriteReg                             0x0800132d   Thumb Code    12  ili93xx.o(i.LCD_WriteReg)
    MX_FSMC_Init                             0x08001339   Thumb Code   102  fsmc.o(i.MX_FSMC_Init)
    MX_GPIO_Init                             0x080013a9   Thumb Code   150  gpio.o(i.MX_GPIO_Init)
    MemManage_Handler                        0x08001449   Thumb Code     2  stm32f4xx_it.o(i.MemManage_Handler)
    NMI_Handler                              0x0800144b   Thumb Code     2  stm32f4xx_it.o(i.NMI_Handler)
    PendSV_Handler                           0x0800144d   Thumb Code     2  stm32f4xx_it.o(i.PendSV_Handler)
    SVC_Handler                              0x0800144f   Thumb Code     2  stm32f4xx_it.o(i.SVC_Handler)
    SysTick_Handler                          0x08001451   Thumb Code     4  stm32f4xx_it.o(i.SysTick_Handler)
    SystemClock_Config                       0x08001455   Thumb Code   102  main.o(i.SystemClock_Config)
    SystemInit                               0x080014c5   Thumb Code    22  system_stm32f4xx.o(i.SystemInit)
    TFTLCD_Init                              0x080014e1   Thumb Code  8958  ili93xx.o(i.TFTLCD_Init)
    UsageFault_Handler                       0x080037e5   Thumb Code     2  stm32f4xx_it.o(i.UsageFault_Handler)
    __scatterload_copy                       0x08003807   Thumb Code    14  handlers.o(i.__scatterload_copy)
    __scatterload_null                       0x08003815   Thumb Code     2  handlers.o(i.__scatterload_null)
    __scatterload_zeroinit                   0x08003817   Thumb Code    14  handlers.o(i.__scatterload_zeroinit)
    main                                     0x08003825   Thumb Code   138  main.o(i.main)
    Sine_DataTable                           0x080038b8   Data        2048  main.o(.constdata)
    AHBPrescTable                            0x080040b8   Data          16  system_stm32f4xx.o(.constdata)
    Region$$Table$$Base                      0x080040c8   Number         0  anon$$obj.o(Region$$Table)
    Region$$Table$$Limit                     0x080040e8   Number         0  anon$$obj.o(Region$$Table)
    POINT_COLOR                              0x20000008   Data           4  ili93xx.o(.data)
    BACK_COLOR                               0x2000000c   Data           4  ili93xx.o(.data)
    uwTickFreq                               0x20000010   Data           1  stm32f4xx_hal.o(.data)
    uwTickPrio                               0x20000014   Data           4  stm32f4xx_hal.o(.data)
    uwTick                                   0x20000018   Data           4  stm32f4xx_hal.o(.data)
    SystemCoreClock                          0x2000001c   Data           4  system_stm32f4xx.o(.data)
    hsram1                                   0x20000020   Data          80  fsmc.o(.bss)
    lcddev                                   0x20000070   Data          14  ili93xx.o(.bss)
    __initial_sp                             0x20000480   Data           0  startup_stm32f407xx.o(STACK)



==============================================================================

Memory Map of the image

  Image Entry point : 0x08000189

  Load Region LR_IROM1 (Base: 0x08000000, Size: 0x00004108, Max: 0x00080000, ABSOLUTE)

    Execution Region ER_IROM1 (Exec base: 0x08000000, Load base: 0x08000000, Size: 0x000040e8, Max: 0x00080000, ABSOLUTE)

    Exec Addr    Load Addr    Size         Type   Attr      Idx    E Section Name        Object

    0x08000000   0x08000000   0x00000188   Data   RO            3    RESET               startup_stm32f407xx.o
    0x08000188   0x08000188   0x00000000   Code   RO         1988  * .ARM.Collect$$$$00000000  mc_w.l(entry.o)
    0x08000188   0x08000188   0x00000004   Code   RO         2001    .ARM.Collect$$$$00000001  mc_w.l(entry2.o)
    0x0800018c   0x0800018c   0x00000004   Code   RO         2004    .ARM.Collect$$$$00000004  mc_w.l(entry5.o)
    0x08000190   0x08000190   0x00000000   Code   RO         2006    .ARM.Collect$$$$00000008  mc_w.l(entry7b.o)
    0x08000190   0x08000190   0x00000000   Code   RO         2008    .ARM.Collect$$$$0000000A  mc_w.l(entry8b.o)
    0x08000190   0x08000190   0x00000008   Code   RO         2009    .ARM.Collect$$$$0000000B  mc_w.l(entry9a.o)
    0x08000198   0x08000198   0x00000000   Code   RO         2011    .ARM.Collect$$$$0000000D  mc_w.l(entry10a.o)
    0x08000198   0x08000198   0x00000000   Code   RO         2013    .ARM.Collect$$$$0000000F  mc_w.l(entry11a.o)
    0x08000198   0x08000198   0x00000004   Code   RO         2002    .ARM.Collect$$$$00002712  mc_w.l(entry2.o)
    0x0800019c   0x0800019c   0x00000024   Code   RO            4    .text               startup_stm32f407xx.o
    0x080001c0   0x080001c0   0x00000062   Code   RO         1991    .text               mc_w.l(uldiv.o)
    0x08000222   0x08000222   0x00000024   Code   RO         1993    .text               mc_w.l(memseta.o)
    0x08000246   0x08000246   0x000000e4   Code   RO         1995    .text               mf_w.l(dmul.o)
    0x0800032a   0x0800032a   0x0000001a   Code   RO         1997    .text               mf_w.l(dfltui.o)
    0x08000344   0x08000344   0x00000032   Code   RO         1999    .text               mf_w.l(dfixui.o)
    0x08000376   0x08000376   0x0000001e   Code   RO         2015    .text               mc_w.l(llshl.o)
    0x08000394   0x08000394   0x00000020   Code   RO         2017    .text               mc_w.l(llushr.o)
    0x080003b4   0x080003b4   0x00000000   Code   RO         2019    .text               mc_w.l(iusefp.o)
    0x080003b4   0x080003b4   0x000000ba   Code   RO         2020    .text               mf_w.l(depilogue.o)
    0x0800046e   0x0800046e   0x00000002   PAD
    0x08000470   0x08000470   0x00000024   Code   RO         2022    .text               mc_w.l(init.o)
    0x08000494   0x08000494   0x00000002   Code   RO          232    i.BusFault_Handler  stm32f4xx_it.o
    0x08000496   0x08000496   0x00000002   Code   RO          233    i.DebugMon_Handler  stm32f4xx_it.o
    0x08000498   0x08000498   0x00000002   Code   RO           13    i.Error_Handler     main.o
    0x0800049a   0x0800049a   0x00000002   PAD
    0x0800049c   0x0800049c   0x00000040   Code   RO          547    i.FSMC_NORSRAM_Extended_Timing_Init  stm32f4xx_ll_fsmc.o
    0x080004dc   0x080004dc   0x00000054   Code   RO          548    i.FSMC_NORSRAM_Init  stm32f4xx_ll_fsmc.o
    0x08000530   0x08000530   0x00000044   Code   RO          549    i.FSMC_NORSRAM_Timing_Init  stm32f4xx_ll_fsmc.o
    0x08000574   0x08000574   0x00000024   Code   RO         1546    i.HAL_Delay         stm32f4xx_hal.o
    0x08000598   0x08000598   0x000000a8   Code   RO          184    i.HAL_FSMC_MspInit  fsmc.o
    0x08000640   0x08000640   0x000001b8   Code   RO         1020    i.HAL_GPIO_Init     stm32f4xx_hal_gpio.o
    0x080007f8   0x080007f8   0x0000000a   Code   RO         1024    i.HAL_GPIO_WritePin  stm32f4xx_hal_gpio.o
    0x08000802   0x08000802   0x00000002   PAD
    0x08000804   0x08000804   0x0000000c   Code   RO         1552    i.HAL_GetTick       stm32f4xx_hal.o
    0x08000810   0x08000810   0x00000010   Code   RO         1558    i.HAL_IncTick       stm32f4xx_hal.o
    0x08000820   0x08000820   0x00000034   Code   RO         1559    i.HAL_Init          stm32f4xx_hal.o
    0x08000854   0x08000854   0x00000040   Code   RO         1560    i.HAL_InitTick      stm32f4xx_hal.o
    0x08000894   0x08000894   0x00000030   Code   RO          307    i.HAL_MspInit       stm32f4xx_hal_msp.o
    0x080008c4   0x080008c4   0x00000040   Code   RO         1415    i.HAL_NVIC_SetPriority  stm32f4xx_hal_cortex.o
    0x08000904   0x08000904   0x00000024   Code   RO         1416    i.HAL_NVIC_SetPriorityGrouping  stm32f4xx_hal_cortex.o
    0x08000928   0x08000928   0x00000134   Code   RO          666    i.HAL_RCC_ClockConfig  stm32f4xx_hal_rcc.o
    0x08000a5c   0x08000a5c   0x00000064   Code   RO          675    i.HAL_RCC_GetSysClockFreq  stm32f4xx_hal_rcc.o
    0x08000ac0   0x08000ac0   0x0000035c   Code   RO          678    i.HAL_RCC_OscConfig  stm32f4xx_hal_rcc.o
    0x08000e1c   0x08000e1c   0x00000056   Code   RO         1801    i.HAL_SRAM_Init     stm32f4xx_hal_sram.o
    0x08000e72   0x08000e72   0x00000004   Code   RO          186    i.HAL_SRAM_MspInit  fsmc.o
    0x08000e76   0x08000e76   0x00000028   Code   RO         1420    i.HAL_SYSTICK_Config  stm32f4xx_hal_cortex.o
    0x08000e9e   0x08000e9e   0x00000002   Code   RO          234    i.HardFault_Handler  stm32f4xx_it.o
    0x08000ea0   0x08000ea0   0x00000034   Code   RO          332    i.LCD_Clear         ili93xx.o
    0x08000ed4   0x08000ed4   0x000000d8   Code   RO          336    i.LCD_Display_Dir   ili93xx.o
    0x08000fac   0x08000fac   0x0000001c   Code   RO          338    i.LCD_DrawPoint     ili93xx.o
    0x08000fc8   0x08000fc8   0x00000014   Code   RO          344    i.LCD_RD_DATA       ili93xx.o
    0x08000fdc   0x08000fdc   0x00000050   Code   RO          347    i.LCD_SSD_BackLightSet  ili93xx.o
    0x0800102c   0x0800102c   0x000001b8   Code   RO          348    i.LCD_Scan_Dir      ili93xx.o
    0x080011e4   0x080011e4   0x00000104   Code   RO          349    i.LCD_SetCursor     ili93xx.o
    0x080012e8   0x080012e8   0x00000018   Code   RO          355    i.LCD_WR_DATA       ili93xx.o
    0x08001300   0x08001300   0x00000018   Code   RO          356    i.LCD_WR_REG        ili93xx.o
    0x08001318   0x08001318   0x00000014   Code   RO          358    i.LCD_WriteRAM_Prepare  ili93xx.o
    0x0800132c   0x0800132c   0x0000000c   Code   RO          359    i.LCD_WriteReg      ili93xx.o
    0x08001338   0x08001338   0x00000070   Code   RO          187    i.MX_FSMC_Init      fsmc.o
    0x080013a8   0x080013a8   0x000000a0   Code   RO          160    i.MX_GPIO_Init      gpio.o
    0x08001448   0x08001448   0x00000002   Code   RO          235    i.MemManage_Handler  stm32f4xx_it.o
    0x0800144a   0x0800144a   0x00000002   Code   RO          236    i.NMI_Handler       stm32f4xx_it.o
    0x0800144c   0x0800144c   0x00000002   Code   RO          237    i.PendSV_Handler    stm32f4xx_it.o
    0x0800144e   0x0800144e   0x00000002   Code   RO          238    i.SVC_Handler       stm32f4xx_it.o
    0x08001450   0x08001450   0x00000004   Code   RO          239    i.SysTick_Handler   stm32f4xx_it.o
    0x08001454   0x08001454   0x00000070   Code   RO           14    i.SystemClock_Config  main.o
    0x080014c4   0x080014c4   0x0000001c   Code   RO         1954    i.SystemInit        system_stm32f4xx.o
    0x080014e0   0x080014e0   0x00002304   Code   RO          360    i.TFTLCD_Init       ili93xx.o
    0x080037e4   0x080037e4   0x00000002   Code   RO          240    i.UsageFault_Handler  stm32f4xx_it.o
    0x080037e6   0x080037e6   0x00000020   Code   RO         1422    i.__NVIC_SetPriority  stm32f4xx_hal_cortex.o
    0x08003806   0x08003806   0x0000000e   Code   RO         2026    i.__scatterload_copy  mc_w.l(handlers.o)
    0x08003814   0x08003814   0x00000002   Code   RO         2027    i.__scatterload_null  mc_w.l(handlers.o)
    0x08003816   0x08003816   0x0000000e   Code   RO         2028    i.__scatterload_zeroinit  mc_w.l(handlers.o)
    0x08003824   0x08003824   0x00000094   Code   RO           15    i.main              main.o
    0x080038b8   0x080038b8   0x00000800   Data   RO           16    .constdata          main.o
    0x080040b8   0x080040b8   0x00000010   Data   RO         1955    .constdata          system_stm32f4xx.o
    0x080040c8   0x080040c8   0x00000020   Data   RO         2024    Region$$Table       anon$$obj.o


    Execution Region RW_IRAM2 (Exec base: 0x10000000, Load base: 0x08004108, Size: 0x00000000, Max: 0x00010000, ABSOLUTE)

    **** No section assigned to this execution region ****


    Execution Region RW_IRAM1 (Exec base: 0x20000000, Load base: 0x080040e8, Size: 0x00000480, Max: 0x00020000, ABSOLUTE)

    Exec Addr    Load Addr    Size         Type   Attr      Idx    E Section Name        Object

    0x20000000   0x080040e8   0x00000008   Data   RW          189    .data               fsmc.o
    0x20000008   0x080040f0   0x00000008   Data   RW          365    .data               ili93xx.o
    0x20000010   0x080040f8   0x0000000c   Data   RW         1566    .data               stm32f4xx_hal.o
    0x2000001c   0x08004104   0x00000004   Data   RW         1957    .data               system_stm32f4xx.o
    0x20000020        -       0x00000050   Zero   RW          188    .bss                fsmc.o
    0x20000070        -       0x0000000e   Zero   RW          363    .bss                ili93xx.o
    0x2000007e   0x08004108   0x00000002   PAD
    0x20000080        -       0x00000400   Zero   RW            1    STACK               startup_stm32f407xx.o


==============================================================================

Image component sizes


      Code (inc. data)   RO Data    RW Data    ZI Data      Debug   Object Name

       284         34          0          8         80       2215   fsmc.o
       160         10          0          0          0       1023   gpio.o
     10140         64          0          8         14      15425   ili93xx.o
       262         20       2048          0          0     662425   main.o
        36          8        392          0       1024        832   startup_stm32f407xx.o
       180         28          0         12          0       9389   stm32f4xx_hal.o
       172         14          0          0          0      33242   stm32f4xx_hal_cortex.o
       450         46          0          0          0       2384   stm32f4xx_hal_gpio.o
        48          6          0          0          0        850   stm32f4xx_hal_msp.o
      1268         52          0          0          0       4022   stm32f4xx_hal_rcc.o
        86          0          0          0          0       1208   stm32f4xx_hal_sram.o
        20          0          0          0          0       4142   stm32f4xx_it.o
       216         12          0          0          0       2691   stm32f4xx_ll_fsmc.o
        28          6         16          4          0       1143   system_stm32f4xx.o

    ----------------------------------------------------------------------
     13354        300       2488         32       1120     740991   Object Totals
         0          0         32          0          0          0   (incl. Generated)
         4          0          0          0          2          0   (incl. Padding)

    ----------------------------------------------------------------------

      Code (inc. data)   RO Data    RW Data    ZI Data      Debug   Library Member Name

         0          0          0          0          0          0   entry.o
         0          0          0          0          0          0   entry10a.o
         0          0          0          0          0          0   entry11a.o
         8          4          0          0          0          0   entry2.o
         4          0          0          0          0          0   entry5.o
         0          0          0          0          0          0   entry7b.o
         0          0          0          0          0          0   entry8b.o
         8          4          0          0          0          0   entry9a.o
        30          0          0          0          0          0   handlers.o
        36          8          0          0          0         68   init.o
         0          0          0          0          0          0   iusefp.o
        30          0          0          0          0         68   llshl.o
        32          0          0          0          0         68   llushr.o
        36          0          0          0          0        108   memseta.o
        98          0          0          0          0         92   uldiv.o
       186          0          0          0          0        176   depilogue.o
        50          0          0          0          0         76   dfixui.o
        26          0          0          0          0         76   dfltui.o
       228          0          0          0          0         96   dmul.o

    ----------------------------------------------------------------------
       774         16          0          0          0        828   Library Totals
         2          0          0          0          0          0   (incl. Padding)

    ----------------------------------------------------------------------

      Code (inc. data)   RO Data    RW Data    ZI Data      Debug   Library Name

       282         16          0          0          0        404   mc_w.l
       490          0          0          0          0        424   mf_w.l

    ----------------------------------------------------------------------
       774         16          0          0          0        828   Library Totals

    ----------------------------------------------------------------------

==============================================================================


      Code (inc. data)   RO Data    RW Data    ZI Data      Debug   

     14128        316       2488         32       1120     737659   Grand Totals
     14128        316       2488         32       1120     737659   ELF Image Totals
     14128        316       2488         32          0          0   ROM Totals

==============================================================================

    Total RO  Size (Code + RO Data)                16616 (  16.23kB)
    Total RW  Size (RW Data + ZI Data)              1152 (   1.13kB)
    Total ROM Size (Code + RO Data + RW Data)      16648 (  16.26kB)

==============================================================================

